qemu-system-arm: warning: nic imx.enet.1 has no peer
[    0.000000] Booting Linux on physical CPU 0x0
[    0.000000] Linux version 7.1.0-dirty (charliechen@Charliechen) (arm-none-linux-gnueabihf-gcc (Arm GNU Toolchain 15.2.Rel1 (Build arm-15.86)) 15.2.1 20251203, GNU ld (Arm GNU Toolchain 15.2.Rel1 (Build arm-15.86)) 2.45.1.20251203) #1 Wed Jul  8 17:35:29 CST 2026
[    0.000000] CPU: ARMv7 Processor [410fc075] revision 5 (ARMv7), cr=10c53c7d
[    0.000000] CPU: div instructions available: patching division code
[    0.000000] CPU: PIPT / VIPT nonaliasing data cache, VIPT aliasing instruction cache
[    0.000000] OF: fdt: Machine model: Awesome Embedded Studio IMX6ULL (QEMU mcimx6ul-evk)
[    0.000000] Memory policy: Data cache writeback
[    0.000000] Reserved memory: created CMA memory pool at 0x96000000, size 160 MiB
[    0.000000] OF: reserved mem: initialized node linux,cma, compatible id shared-dma-pool
[    0.000000] OF: reserved mem: 0x96000000..0x9fffffff (163840 KiB) map reusable linux,cma
[    0.000000] psci: probing for conduit method from DT.
[    0.000000] psci: PSCIv1.1 detected in firmware.
[    0.000000] psci: Using standard PSCI v0.2 function IDs
[    0.000000] psci: Trusted OS migration not required
[    0.000000] psci: SMC Calling Convention v1.0
[    0.000000] CPU: All CPU(s) started in HYP mode.
[    0.000000] CPU: Virtualization extensions available.
[    0.000000] Zone ranges:
[    0.000000]   Normal   [mem 0x0000000080000000-0x000000009fffffff]
[    0.000000]   HighMem  empty
[    0.000000] Movable zone start for each node
[    0.000000] Early memory node ranges
[    0.000000]   node   0: [mem 0x0000000080000000-0x000000009fffffff]
[    0.000000] Initmem setup node 0 [mem 0x0000000080000000-0x000000009fffffff]
[    0.000000] Kernel command line: console=ttymxc0,115200 root=/dev/mmcblk1 rootwait rw 
[    0.000000] printk: log buffer data + meta data: 262144 + 819200 = 1081344 bytes
[    0.000000] Dentry cache hash table entries: 65536 (order: 6, 262144 bytes, linear)
[    0.000000] Inode-cache hash table entries: 32768 (order: 5, 131072 bytes, linear)
[    0.000000] Built 1 zonelists, mobility grouping on.  Total pages: 131072
[    0.000000] mem auto-init: stack:all(zero), heap alloc:off, heap free:off
[    0.000000] SLUB: HWalign=64, Order=0-3, MinObjects=0, CPUs=1, Nodes=1
[    0.000000] NR_IRQS: 16, nr_irqs: 16, preallocated irqs: 16
[    0.000000] GIC: Using split EOI/Deactivate mode
[    0.000000] Switching to timer-based delay loop, resolution 41ns
[    0.000283] sched_clock: 32 bits at 24MHz, resolution 41ns, wraps every 89478484971ns
[    0.001337] clocksource: mxc_timer1: mask: 0xffffffff max_cycles: 0xffffffff, max_idle_ns: 79635851949 ns
[    0.016657] Console: colour dummy device 80x30
[    0.018764] Calibrating delay loop (skipped), value calculated using timer frequency.. 48.00 BogoMIPS (lpj=240000)
[    0.018941] CPU: Testing write buffer coherency: ok
[    0.019628] pid_max: default: 32768 minimum: 301
[    0.024472] Mount-cache hash table entries: 1024 (order: 0, 4096 bytes, linear)
[    0.024603] Mountpoint-cache hash table entries: 1024 (order: 0, 4096 bytes, linear)
[    0.035417] VFS: Finished mounting rootfs on nullfs
[    0.065197] Setting up static identity map for 0x80100000 - 0x80100078
[    0.074625] Memory: 333544K/524288K available (13312K kernel code, 1244K rwdata, 3844K rodata, 1024K init, 379K bss, 26168K reserved, 163840K cma-reserved, 0K highmem)
[    0.084682] devtmpfs: initialized
[    0.107580] VFP support v0.3: implementor 41 architecture 2 part 30 variant 7 rev 5
[    0.134432] clocksource: jiffies: mask: 0xffffffff max_cycles: 0xffffffff, max_idle_ns: 19112604462750000 ns
[    0.136190] posixtimers hash table entries: 512 (order: 0, 2048 bytes, linear)
[    0.136554] futex hash table entries: 256 (4096 bytes on 1 NUMA nodes, total 4 KiB, linear).
[    0.169281] NET: Registered PF_NETLINK/PF_ROUTE protocol family
[    0.184451] DMA: preallocated 256 KiB pool for atomic coherent allocations
[    0.189380] thermal_sys: Registered thermal governor 'step_wise'
[    0.189682] cpuidle: using governor menu
[    0.190076] CPU identified as i.MX6UL, silicon rev 1.0
[    0.207772] /soc/interrupt-controller@a01000: Fixed dependency cycle(s) with /soc/interrupt-controller@a01000
[    0.208865] /soc/bus@2000000/clock-controller@20c4000: Fixed dependency cycle(s) with /soc/bus@2000000/gpc@20dc000
[    0.209093] /soc/bus@2000000/gpc@20dc000: Fixed dependency cycle(s) with /soc/bus@2000000/clock-controller@20c4000
[    0.223307] /soc/bus@2000000/clock-controller@20c4000: Fixed dependency cycle(s) with /soc/bus@2000000/gpc@20dc000
[    0.223599] /soc/bus@2000000/gpc@20dc000: Fixed dependency cycle(s) with /soc/bus@2000000/clock-controller@20c4000
[    0.235958] /soc/bus@2000000/gpc@20dc000: Fixed dependency cycle(s) with /soc/bus@2000000/clock-controller@20c4000
[    0.256763] No ATAGs?
[    0.258410] hw-breakpoint: found 5 (+1 reserved) breakpoint and 4 watchpoint registers.
[    0.258589] hw-breakpoint: maximum watchpoint size is 8 bytes.
[    0.265719] imx6ul-pinctrl 20e0000.pinctrl: initialized IMX pinctrl driver
[    0.269315] imx6ul-pinctrl 2290000.pinctrl: no groups defined in /soc/bus@2200000/pinctrl@2290000
[    0.269333] imx6ul-pinctrl 2290000.pinctrl: initialized IMX pinctrl driver
[    0.274596] kprobes: kprobe jump-optimization is enabled. All kprobes are optimized if possible.
[    0.295828] gpio gpiochip0: Static allocation of GPIO base is deprecated, use dynamic allocation.
[    0.316755] gpio gpiochip1: Static allocation of GPIO base is deprecated, use dynamic allocation.
[    0.325037] gpio gpiochip2: Static allocation of GPIO base is deprecated, use dynamic allocation.
[    0.328733] gpio gpiochip3: Static allocation of GPIO base is deprecated, use dynamic allocation.
[    0.331519] gpio gpiochip4: Static allocation of GPIO base is deprecated, use dynamic allocation.
[    0.340932] SCSI subsystem initialized
[    0.345437] usbcore: registered new interface driver usbfs
[    0.345857] usbcore: registered new interface driver hub
[    0.346088] usbcore: registered new device driver usb
[    0.363299] i2c i2c-0: IMX I2C adapter registered
[    0.366098] i2c i2c-1: IMX I2C adapter registered
[    0.371418] mc: Linux media interface: v0.10
[    0.371713] videodev: Linux video capture interface: v2.00
[    0.375448] pps_core: LinuxPPS API ver. 1 registered
[    0.375506] pps_core: Software ver. 5.3.6 - Copyright 2005-2007 Rodolfo Giometti <giometti@linux.it>
[    0.375580] PTP clock support registered
[    0.377384] Advanced Linux Sound Architecture Driver Initialized.
[    0.391490] Bluetooth: Core ver 2.22
[    0.391941] NET: Registered PF_BLUETOOTH protocol family
[    0.391980] Bluetooth: HCI device and connection manager initialized
[    0.392196] Bluetooth: HCI socket layer initialized
[    0.392346] Bluetooth: L2CAP socket layer initialized
[    0.392555] Bluetooth: SCO socket layer initialized
[    0.401208] clocksource: Switched to clocksource mxc_timer1
[    0.404685] VFS: Disk quotas dquot_6.6.0
[    0.404871] VFS: Dquot-cache hash table entries: 1024 (order 0, 4096 bytes)
[    0.442275] NET: Registered PF_INET protocol family
[    0.444239] IP idents hash table entries: 8192 (order: 4, 65536 bytes, linear)
[    0.447868] tcp_listen_portaddr_hash hash table entries: 1024 (order: 0, 4096 bytes, linear)
[    0.448011] Table-perturb hash table entries: 65536 (order: 6, 262144 bytes, linear)
[    0.448090] TCP established hash table entries: 4096 (order: 2, 16384 bytes, linear)
[    0.448192] TCP bind hash table entries: 4096 (order: 3, 32768 bytes, linear)
[    0.448390] TCP: Hash tables configured (established 4096 bind 4096)
[    0.450301] UDP hash table entries: 256 (order: 1, 8192 bytes, linear)
[    0.452315] NET: Registered PF_UNIX/PF_LOCAL protocol family
[    0.456863] RPC: Registered named UNIX socket transport module.
[    0.456938] RPC: Registered udp transport module.
[    0.456956] RPC: Registered tcp transport module.
[    0.456964] RPC: Registered tcp-with-tls transport module.
[    0.456971] RPC: Registered tcp NFSv4.1 backchannel transport module.
[    0.466392] Initialise system trusted keyrings
[    0.476193] workingset: timestamp_bits=30 (anon: 26) max_order=17 bucket_order=0 (anon: 0)
[    0.485595] NFS: Registering the id_resolver key type
[    0.486027] Key type id_resolver registered
[    0.486127] Key type id_legacy registered
[    0.486572] nfs4filelayout_init: NFSv4 File Layout Driver Registering...
[    0.486657] nfs4flexfilelayout_init: NFSv4 Flexfile Layout Driver Registering...
[    0.487048] jffs2: version 2.2. (NAND) © 2001-2006 Red Hat, Inc.
[    0.488629] fuse: init (API version 7.45)
[    0.491804] Key type asymmetric registered
[    0.491960] Asymmetric key parser 'x509' registered
[    0.493051] io scheduler mq-deadline registered
[    0.493146] io scheduler kyber registered
[    0.493442] io scheduler bfq registered
[    0.538353] stmp_reset_block((ptrval)): module reset timeout
[    0.538978] mxs-dma 1804000.dma-controller: probe with driver mxs-dma failed with error -110
[    0.542302] imx-sdma 20ec000.dma-controller: external firmware not found, using ROM firmware
[    0.543590] imx_soc_device_init: failed to find fsl,imx6ul-ocotp regmap!
[    0.557050] 2020000.serial: ttymxc0 at MMIO 0x2020000 (irq = 191, base_baud = 5000000) is a IMX
[    0.560894] printk: console [ttymxc0] enabled
[    0.629569] panel-simple panel-dpi: Specify missing bus_format
[    0.629656] panel-simple panel-dpi: Expected bpc in {6,8} but got: 0
[    0.639084] cacheinfo: Unable to detect cache hierarchy for CPU 0
[    0.673688] brd: module loaded
[    0.690806] loop: module loaded
[    0.714172] spi_imx 2010000.spi: error -ENODEV: can't get the TX DMA channel!
[    0.720877] CAN device driver interface
[    0.723902] usbcore: registered new device driver r8152-cfgselector
[    0.724047] usbcore: registered new interface driver r8152
[    0.724170] usbcore: registered new interface driver lan78xx
[    0.724309] usbcore: registered new interface driver asix
[    0.724380] usbcore: registered new interface driver ax88179_178a
[    0.724438] usbcore: registered new interface driver cdc_ether
[    0.724493] usbcore: registered new interface driver smsc95xx
[    0.724550] usbcore: registered new interface driver net1080
[    0.724606] usbcore: registered new interface driver cdc_subset
[    0.724737] usbcore: registered new interface driver zaurus
[    0.725020] usbcore: registered new interface driver MOSCHIP usb-ethernet driver
[    0.725194] usbcore: registered new interface driver cdc_ncm
[    0.725627] usbcore: registered new interface driver r8153_ecm
[    0.726301] usbcore: registered new interface driver usb-storage
[    0.727473] usbcore: registered new device driver onboard-usb-dev
[    0.745619] input: 20cc000.snvs:snvs-powerkey as /devices/platform/soc/2000000.bus/20cc000.snvs/20cc000.snvs:snvs-powerkey/input/input0
[    0.756795] snvs_rtc 20cc000.snvs:snvs-rtc-lp: failed to enable rtc -110
[    0.756871] snvs_rtc 20cc000.snvs:snvs-rtc-lp: probe with driver snvs_rtc failed with error -110
[    0.757250] i2c_dev: i2c /dev entries driver
[    0.770214] Bluetooth: HCI UART driver ver 2.3
[    0.770326] Bluetooth: HCI UART protocol H4 registered
[    0.770433] Bluetooth: HCI UART protocol LL registered
[    0.770643] Bluetooth: HCI UART protocol Broadcom registered
[    0.784064] usbcore: registered new interface driver usbhid
[    0.784122] usbhid: USB HID core driver
[    0.788821] hw perfevents: enabled with armv7_cortex_a7 PMU driver, 5 (8000000f) counters available
[    0.856941] mmc1: SDHCI controller on 2194000.mmc [2194000.mmc] using ADMA
[    0.879481] mmc1: host does not support reading read-only switch, assuming write-enable
[    0.880534] mmc1: new high speed SD card at address 4567
[    0.884844] mmcblk1: mmc1:4567 QEMU! 256 MiB
[    1.032488] i2c i2c-0: <i2c_imx_read> read timedout
[    1.341643] i2c i2c-0: <i2c_imx_write> write timedout
[    1.341817] wm8960 0-001a: Failed to issue reset
[    1.343121] wm8960 0-001a: probe with driver wm8960 failed with error -110
[    1.377914] NET: Registered PF_INET6 protocol family
[    1.389448] Segment Routing with IPv6
[    1.389819] In-situ OAM (IOAM) with IPv6
[    1.390551] NET: Registered PF_PACKET protocol family
[    1.390618] can: controller area network core
[    1.390893] NET: Registered PF_CAN protocol family
[    1.390893] can: raw protocol
[    1.390893] can: broadcast manager protocol
[    1.390956] can: netlink gateway - max_hops=1
[    1.395079] Key type dns_resolver registered
[    1.425663] Loading compiled-in X.509 certificates
[    1.475276] cfg80211: Loading compiled-in X.509 certificates for regulatory database
[    1.492390] Loaded X.509 cert 'sforshee: 00b28ddf47aef9cea7'
[    1.494447] Loaded X.509 cert 'wens: 61c038651aabdcf94bd0ac7ff06c7248db18c600'
[    1.494829] clk: Disabling unused clocks
[    1.502298] PM: genpd: Disabling unused power domains
[    1.504432] ALSA device list:
[    1.504519]   #0: ASRC-M2M
[    1.740268] EXT4-fs (mmcblk1): recovery complete
[    1.745474] EXT4-fs (mmcblk1): mounted filesystem ad538f68-ccf2-4069-95c3-c31b62412743 r/w with ordered data mode. Quota mode: none.
[    1.747320] VFS: Mounted root (ext4 filesystem) on device 179:0.
[    1.753426] devtmpfs: mounted
[    1.755369] VFS: Pivoted into new rootfs
[    1.790881] Freeing unused kernel image (initmem) memory: 1024K
[    1.796155] Run /sbin/init as init process
[    2.359356] EXT4-fs (mmcblk1): re-mounted ad538f68-ccf2-4069-95c3-c31b62412743.
Seeding 256 bits and crediting
Saving 256 bits of creditable seed for next boot
[    3.097387] random: crng init done
Starting syslogd: OK
Starting klogd: OK
Running sysctl: OK
Starting udevd: OK
[    4.125454] udevd[82]: starting version 3.2.14
[    4.307340] udevd[82]: specified group 'input' unknown
[    4.309121] udevd[82]: specified group 'sgx' unknown
[    4.325348] udevd[82]: specified group 'kvm' unknown
[    4.570494] udevd[82]: starting eudev-3.2.14
Starting network: OK
Starting ifplugd for eth0: OK
Starting crond: OK
Starting dropbear sshd: OK
Starting telnetd: OK

Welcome to Buildroot
buildroot login: [   12.039464] flexcan 2090000.can: registering netdev failed
[   12.039793] flexcan 2090000.can: probe with driver flexcan failed with error -110
[   12.441862] i2c i2c-1: <i2c_imx_write> write timedout
[   12.442043] Goodix-TS 1-005d: Error reading 1 bytes from 0x8140: -110
[   12.781927] i2c i2c-1: <i2c_imx_write> write timedout
[   12.782072] Goodix-TS 1-005d: Error reading 1 bytes from 0x8140: -110
[   12.811877] Goodix-TS 1-005d: I2C communication failure: -110
[   12.812756] Goodix-TS 1-005d: probe with driver Goodix-TS failed with error -110
[   12.818029] sdhci-esdhc-imx 2190000.mmc: Got CD GPIO
[   12.832425] platform 20b4000.ethernet: deferred probe pending: (reason unknown)
[   12.832508] platform 2188000.ethernet: deferred probe pending: (reason unknown)
[   12.832517] platform 20c8000.anatop:tempmon: deferred probe pending: imx_thermal: failed to init from nvmem
[   12.832525] platform sound-wm8960: deferred probe pending: fsl-asoc-card: snd_soc_register_card failed
[   12.890895] mmc0: SDHCI controller on 2190000.mmc [2190000.mmc] using ADMA
qemu-system-arm: terminating on signal 15 from pid 181426 (timeout)
