qemu-system-arm: warning: nic imx.enet.1 has no peer
[    0.000000] Booting Linux on physical CPU 0x0
[    0.000000] Linux version 7.1.0-dirty (charliechen@Charliechen) (arm-none-linux-gnueabihf-gcc (Arm GNU Toolchain 15.2.Rel1 (Build arm-15.86)) 15.2.1 20251203, GNU ld (Arm GNU Toolchain 15.2.Rel1 (Build arm-15.86)) 2.45.1.20251203) #1 Wed Jul  8 17:35:29 CST 2026
[    0.000000] CPU: ARMv7 Processor [410fc075] revision 5 (ARMv7), cr=10c53c7d
[    0.000000] CPU: div instructions available: patching division code
[    0.000000] CPU: PIPT / VIPT nonaliasing data cache, VIPT aliasing instruction cache
[    0.000000] OF: fdt: Machine model: Awesome Embedded Studio IMX6ULL (i.mx NXP)
[    0.000000] Memory policy: Data cache writeback
[    0.000000] Reserved memory: created CMA memory pool at 0x96000000, size 160 MiB
[    0.000000] OF: reserved mem: initialized node linux,cma, compatible id shared-dma-pool
[    0.000000] OF: reserved mem: 0x96000000..0x9fffffff (163840 KiB) map reusable linux,cma
[    0.000000] psci: probing for conduit method from DT.
[    0.000000] psci: PSCIv1.1 detected in firmware.
[    0.000000] psci: Using standard PSCI v0.2 function IDs
[    0.000000] psci: Trusted OS migration not required
[    0.000000] psci: SMC Calling Convention v1.0
[    0.000000] CPU: All CPU(s) started in HYP mode.
[    0.000000] CPU: Virtualization extensions available.
[    0.000000] Zone ranges:
[    0.000000]   Normal   [mem 0x0000000080000000-0x000000009fffffff]
[    0.000000]   HighMem  empty
[    0.000000] Movable zone start for each node
[    0.000000] Early memory node ranges
[    0.000000]   node   0: [mem 0x0000000080000000-0x000000009fffffff]
[    0.000000] Initmem setup node 0 [mem 0x0000000080000000-0x000000009fffffff]
[    0.000000] Kernel command line: console=ttymxc0,115200 root=/dev/mmcblk1 rootwait rw
[    0.000000] printk: log buffer data + meta data: 262144 + 819200 = 1081344 bytes
[    0.000000] Dentry cache hash table entries: 65536 (order: 6, 262144 bytes, linear)
[    0.000000] Inode-cache hash table entries: 32768 (order: 5, 131072 bytes, linear)
[    0.000000] Built 1 zonelists, mobility grouping on.  Total pages: 131072
[    0.000000] mem auto-init: stack:all(zero), heap alloc:off, heap free:off
[    0.000000] SLUB: HWalign=64, Order=0-3, MinObjects=0, CPUs=1, Nodes=1
[    0.000000] NR_IRQS: 16, nr_irqs: 16, preallocated irqs: 16
[    0.000000] GIC: Using split EOI/Deactivate mode
[    0.000000] Switching to timer-based delay loop, resolution 41ns
[    0.000201] sched_clock: 32 bits at 24MHz, resolution 41ns, wraps every 89478484971ns
[    0.000688] clocksource: mxc_timer1: mask: 0xffffffff max_cycles: 0xffffffff, max_idle_ns: 79635851949 ns
[    0.021353] Console: colour dummy device 80x30
[    0.023212] Calibrating delay loop (skipped), value calculated using timer frequency.. 48.00 BogoMIPS (lpj=240000)
[    0.023365] CPU: Testing write buffer coherency: ok
[    0.024228] pid_max: default: 32768 minimum: 301
[    0.033534] Mount-cache hash table entries: 1024 (order: 0, 4096 bytes, linear)
[    0.033689] Mountpoint-cache hash table entries: 1024 (order: 0, 4096 bytes, linear)
[    0.048584] VFS: Finished mounting rootfs on nullfs
[    0.089652] Setting up static identity map for 0x80100000 - 0x80100078
[    0.106623] Memory: 333580K/524288K available (13312K kernel code, 1244K rwdata, 3844K rodata, 1024K init, 379K bss, 26132K reserved, 163840K cma-reserved, 0K highmem)
[    0.118432] devtmpfs: initialized
[    0.144975] VFP support v0.3: implementor 41 architecture 2 part 30 variant 7 rev 5
[    0.181272] clocksource: jiffies: mask: 0xffffffff max_cycles: 0xffffffff, max_idle_ns: 19112604462750000 ns
[    0.183023] posixtimers hash table entries: 512 (order: 0, 2048 bytes, linear)
[    0.183843] futex hash table entries: 256 (4096 bytes on 1 NUMA nodes, total 4 KiB, linear).
[    0.219457] NET: Registered PF_NETLINK/PF_ROUTE protocol family
[    0.250107] DMA: preallocated 256 KiB pool for atomic coherent allocations
[    0.255787] thermal_sys: Registered thermal governor 'step_wise'
[    0.256078] cpuidle: using governor menu
[    0.256450] CPU identified as i.MX6UL, silicon rev 1.0
[    0.288034] /soc/interrupt-controller@a01000: Fixed dependency cycle(s) with /soc/interrupt-controller@a01000
[    0.289121] /soc/bus@2000000/clock-controller@20c4000: Fixed dependency cycle(s) with /soc/bus@2000000/gpc@20dc000
[    0.289355] /soc/bus@2000000/gpc@20dc000: Fixed dependency cycle(s) with /soc/bus@2000000/clock-controller@20c4000
[    0.289743] /soc/bus@2100000/i2c@21a4000/ov5640@3c: Fixed dependency cycle(s) with /soc/bus@2100000/csi@21c4000
[    0.289962] /soc/bus@2100000/csi@21c4000: Fixed dependency cycle(s) with /soc/bus@2100000/i2c@21a4000/ov5640@3c
[    0.304971] /soc/bus@2000000/clock-controller@20c4000: Fixed dependency cycle(s) with /soc/bus@2000000/gpc@20dc000
[    0.305249] /soc/bus@2000000/gpc@20dc000: Fixed dependency cycle(s) with /soc/bus@2000000/clock-controller@20c4000
[    0.326482] /soc/bus@2000000/gpc@20dc000: Fixed dependency cycle(s) with /soc/bus@2000000/clock-controller@20c4000
[    0.328160] /soc/bus@2100000/i2c@21a4000/ov5640@3c: Fixed dependency cycle(s) with /soc/bus@2100000/csi@21c4000
[    0.328287] /soc/bus@2100000/csi@21c4000: Fixed dependency cycle(s) with /soc/bus@2100000/i2c@21a4000/ov5640@3c
[    0.330415] /soc/bus@2100000/i2c@21a4000/ov5640@3c: Fixed dependency cycle(s) with /soc/bus@2100000/csi@21c4000
[    0.335663] /soc/bus@2100000/i2c@21a4000/ov5640@3c: Fixed dependency cycle(s) with /soc/bus@2100000/csi@21c4000
[    0.336619] /soc/bus@2100000/csi@21c4000: Fixed dependency cycle(s) with /soc/bus@2100000/i2c@21a4000/ov5640@3c
[    0.354607] No ATAGs?
[    0.355495] hw-breakpoint: found 5 (+1 reserved) breakpoint and 4 watchpoint registers.
[    0.355601] hw-breakpoint: maximum watchpoint size is 8 bytes.
[    0.364476] imx6ul-pinctrl 20e0000.pinctrl: initialized IMX pinctrl driver
[    0.368821] imx6ul-pinctrl 2290000.pinctrl: no groups defined in /soc/bus@2200000/pinctrl@2290000
[    0.368939] imx6ul-pinctrl 2290000.pinctrl: initialized IMX pinctrl driver
[    0.376118] kprobes: kprobe jump-optimization is enabled. All kprobes are optimized if possible.
[    0.414542] gpio gpiochip0: Static allocation of GPIO base is deprecated, use dynamic allocation.
[    0.447714] gpio gpiochip1: Static allocation of GPIO base is deprecated, use dynamic allocation.
[    0.462633] gpio gpiochip2: Static allocation of GPIO base is deprecated, use dynamic allocation.
[    0.467727] gpio gpiochip3: Static allocation of GPIO base is deprecated, use dynamic allocation.
[    0.480841] gpio gpiochip4: Static allocation of GPIO base is deprecated, use dynamic allocation.
[    0.490222] SCSI subsystem initialized
[    0.501071] usbcore: registered new interface driver usbfs
[    0.501962] usbcore: registered new interface driver hub
[    0.502508] usbcore: registered new device driver usb
[    0.524544] i2c i2c-0: IMX I2C adapter registered
[    0.527598] /soc/bus@2100000/csi@21c4000: Fixed dependency cycle(s) with /soc/bus@2100000/i2c@21a4000/ov5640@3c
[    0.527945] /soc/bus@2100000/i2c@21a4000/ov5640@3c: Fixed dependency cycle(s) with /soc/bus@2100000/csi@21c4000
[    0.528289] i2c i2c-1: IMX I2C adapter registered
[    0.531499] mc: Linux media interface: v0.10
[    0.531896] videodev: Linux video capture interface: v2.00
[    0.543648] pps_core: LinuxPPS API ver. 1 registered
[    0.543728] pps_core: Software ver. 5.3.6 - Copyright 2005-2007 Rodolfo Giometti <giometti@linux.it>
[    0.543856] PTP clock support registered
[    0.546569] Advanced Linux Sound Architecture Driver Initialized.
[    0.566071] Bluetooth: Core ver 2.22
[    0.566454] NET: Registered PF_BLUETOOTH protocol family
[    0.567165] Bluetooth: HCI device and connection manager initialized
[    0.567451] Bluetooth: HCI socket layer initialized
[    0.568503] Bluetooth: L2CAP socket layer initialized
[    0.569397] Bluetooth: SCO socket layer initialized
[    0.581371] clocksource: Switched to clocksource mxc_timer1
[    0.614020] VFS: Disk quotas dquot_6.6.0
[    0.614283] VFS: Dquot-cache hash table entries: 1024 (order 0, 4096 bytes)
[    0.707852] NET: Registered PF_INET protocol family
[    0.710031] IP idents hash table entries: 8192 (order: 4, 65536 bytes, linear)
[    0.722786] tcp_listen_portaddr_hash hash table entries: 1024 (order: 0, 4096 bytes, linear)
[    0.723008] Table-perturb hash table entries: 65536 (order: 6, 262144 bytes, linear)
[    0.723144] TCP established hash table entries: 4096 (order: 2, 16384 bytes, linear)
[    0.723481] TCP bind hash table entries: 4096 (order: 3, 32768 bytes, linear)
[    0.723722] TCP: Hash tables configured (established 4096 bind 4096)
[    0.725759] UDP hash table entries: 256 (order: 1, 8192 bytes, linear)
[    0.728370] NET: Registered PF_UNIX/PF_LOCAL protocol family
[    0.735135] RPC: Registered named UNIX socket transport module.
[    0.735234] RPC: Registered udp transport module.
[    0.735270] RPC: Registered tcp transport module.
[    0.735289] RPC: Registered tcp-with-tls transport module.
[    0.735300] RPC: Registered tcp NFSv4.1 backchannel transport module.
[    0.760690] Initialise system trusted keyrings
[    0.763181] workingset: timestamp_bits=30 (anon: 26) max_order=17 bucket_order=0 (anon: 0)
[    0.771037] NFS: Registering the id_resolver key type
[    0.772374] Key type id_resolver registered
[    0.772483] Key type id_legacy registered
[    0.774727] nfs4filelayout_init: NFSv4 File Layout Driver Registering...
[    0.775104] nfs4flexfilelayout_init: NFSv4 Flexfile Layout Driver Registering...
[    0.775928] jffs2: version 2.2. (NAND) © 2001-2006 Red Hat, Inc.
[    0.777915] fuse: init (API version 7.45)
[    0.781037] Key type asymmetric registered
[    0.781037] Asymmetric key parser 'x509' registered
[    0.782021] io scheduler mq-deadline registered
[    0.782150] io scheduler kyber registered
[    0.782401] io scheduler bfq registered
[    0.844158] stmp_reset_block((ptrval)): module reset timeout
[    0.844460] mxs-dma 1804000.dma-controller: probe with driver mxs-dma failed with error -110
[    0.846469] imx_soc_device_init: failed to find fsl,imx6ul-ocotp regmap!
[    0.854358] imx-sdma 20ec000.dma-controller: external firmware not found, using ROM firmware
[    0.876295] 2020000.serial: ttymxc0 at MMIO 0x2020000 (irq = 191, base_baud = 5000000) is a IMX
[    0.881120] printk: console [ttymxc0] enabled
[    0.983033] panel-simple panel-dpi: Specify missing bus_format
[    0.983143] panel-simple panel-dpi: Expected bpc in {6,8} but got: 0
[    0.993460] cacheinfo: Unable to detect cache hierarchy for CPU 0
[    1.046926] brd: module loaded
[    1.080079] loop: module loaded
[    1.126469] spi_imx 2010000.spi: error -ENODEV: can't get the TX DMA channel!
[    1.145261] CAN device driver interface
[    1.157611] usbcore: registered new device driver r8152-cfgselector
[    1.157926] usbcore: registered new interface driver r8152
[    1.158173] usbcore: registered new interface driver lan78xx
[    1.158344] usbcore: registered new interface driver asix
[    1.158675] usbcore: registered new interface driver ax88179_178a
[    1.158809] usbcore: registered new interface driver cdc_ether
[    1.158884] usbcore: registered new interface driver smsc95xx
[    1.158953] usbcore: registered new interface driver net1080
[    1.159011] usbcore: registered new interface driver cdc_subset
[    1.159110] usbcore: registered new interface driver zaurus
[    1.159174] usbcore: registered new interface driver MOSCHIP usb-ethernet driver
[    1.159285] usbcore: registered new interface driver cdc_ncm
[    1.159361] usbcore: registered new interface driver r8153_ecm
[    1.159577] usbcore: registered new interface driver usb-storage
[    1.159963] usbcore: registered new device driver onboard-usb-dev
[    1.171037] imx_usb 2184000.usb: No over current polarity defined
[    1.182773] input: 20cc000.snvs:snvs-powerkey as /devices/platform/soc/2000000.bus/20cc000.snvs/20cc000.snvs:snvs-powerkey/input/input0
[    1.191037] imx6ul-tsc 2040000.touchscreen: failed to request GPIO tsc_X- (xnur): -2
[    1.191037] imx6ul-tsc 2040000.touchscreen: probe with driver imx6ul-tsc failed with error -2
[    1.198437] snvs_rtc 20cc000.snvs:snvs-rtc-lp: failed to enable rtc -110
[    1.198577] snvs_rtc 20cc000.snvs:snvs-rtc-lp: probe with driver snvs_rtc failed with error -110
[    1.206034] i2c_dev: i2c /dev entries driver
[    1.217190] Bluetooth: HCI UART driver ver 2.3
[    1.217316] Bluetooth: HCI UART protocol H4 registered
[    1.217411] Bluetooth: HCI UART protocol LL registered
[    1.217534] Bluetooth: HCI UART protocol Broadcom registered
[    1.233915] 8<--- cut here ---
[    1.233995] Unhandled fault: external abort on non-linefetch (0x808) at 0xe0a78008
[    1.234099] [e0a78008] *pgd=823e4811, *pte=02280653, *ppte=02280453
[    1.241036] Internal error: : 808 [#1] ARM
[    1.242705] Modules linked in:
[    1.243429] CPU: 0 UID: 0 PID: 1 Comm: swapper/0 Not tainted 7.1.0-dirty #1 VOLUNTARY 
[    1.243778] Hardware name: Freescale i.MX6 Ultralite (Device Tree)
[    1.244070] PC is at stmp_reset_block+0x18/0x140
[    1.245569] LR is at stmp_reset_block+0x14/0x140
[    1.245883] pc : [<c0610098>]    lr : [<c0610094>]    psr: 60000013
[    1.248427] sp : e083ddf0  ip : c21361b4  fp : c136e73c
[    1.251580] r10: c1590c60  r9 : 000000c6  r8 : c2136010
[    1.252461] r7 : c2136000  r6 : 00000000  r5 : c2322f40  r4 : e0a78000
[    1.253028] r3 : 80000000  r2 : c24e0000  r1 : c24d89c0  r0 : e0a78000
[    1.253375] Flags: nZCv  IRQs on  FIQs on  Mode SVC_32  ISA ARM  Segment none
[    1.253694] Control: 10c53c7d  Table: 80004059  DAC: 00000051
[    1.253961] Register r0 information: 0-page vmalloc region starting at 0xe0a78000 allocated at __devm_ioremap_resource+0x1a8/0x1e8
[    1.254727] Register r1 information: slab kmalloc-128 start c24d8980 pointer offset 64 size 128
[    1.255303] Register r2 information: non-slab/vmalloc memory
[    1.255604] Register r3 information: non-paged memory
[    1.255850] Register r4 information: 0-page vmalloc region starting at 0xe0a78000 allocated at __devm_ioremap_resource+0x1a8/0x1e8
[    1.256246] Register r5 information: slab kmalloc-256 start c2322f00 pointer offset 64 size 256
[    1.256574] Register r6 information: NULL pointer
[    1.256819] Register r7 information: slab kmalloc-1k start c2136000 pointer offset 0 size 1024
[    1.257132] Register r8 information: slab kmalloc-1k start c2136000 pointer offset 16 size 1024
[    1.257461] Register r9 information: non-paged memory
[    1.257634] Register r10 information: non-slab/vmalloc memory
[    1.257817] Register r11 information: non-slab/vmalloc memory
[    1.257986] Register r12 information: slab kmalloc-1k start c2136000 pointer offset 436 size 1024
[    1.258323] Process swapper/0 (pid: 1, stack limit = 0x(ptrval))
[    1.258770] Stack: (0xe083ddf0 to 0xe083e000)
[    1.259101] dde0:                                     00000000 c2322f40 00200000 c0a0a26c
[    1.259444] de00: 00200000 c110dfc8 c2322f40 c068714c c2136010 c1523214 c1523214 00000000
[    1.259757] de20: 00000000 c1147b48 00000006 c0764e34 c2136010 00000000 c1523214 c0762460
[    1.260037] de40: c2136010 c1523214 c1523214 c2136010 00000000 c07626fc 00000006 c0a2ccb8
[    1.260321] de60: c158d24c c158d254 c1523214 c2136010 00000000 c0762904 c2136010 c1523214
[    1.260664] de80: c1523214 c0762b10 c1539000 c0762bac 00000000 c2136058 c2042300 00000000
[    1.260917] dea0: c2042300 c0760234 c2042300 c2042348 c2016c30 b307556d c1523214 c24d8f80
[    1.261153] dec0: 00000000 c1523214 c2042300 c0761664 c110e0e4 00000000 c1523214 c133d77c
[    1.261405] dee0: 00000000 c1539000 c1539000 c07639bc c2076900 c133d77c c2076900 c01161ac
[    1.261660] df00: 00000000 c11c0928 c210a969 00000000 00000000 00000000 00000000 00000000
[    1.261958] df20: 00000000 00000000 00000000 00000000 00000000 00000000 00000000 00000000
[    1.262306] df40: 00000000 00000000 00000000 b307556d 00000117 c210a940 c1352854 c1352834
[    1.262624] df60: c1539000 c1147b48 00000006 c1301354 00000006 00000006 00000000 c13004d8
[    1.264022] df80: c2076900 c1403180 c0ddb614 00000000 00000000 00000000 00000000 00000000
[    1.264308] dfa0: 00000000 c0ddb628 00000000 c010016c 00000000 00000000 00000000 00000000
[    1.264633] dfc0: 00000000 00000000 00000000 00000000 00000000 00000000 00000000 00000000
[    1.264880] dfe0: 00000000 00000000 00000000 00000000 00000013 00000000 00000000 00000000
[    1.265250] Call trace: 
[    1.265861]  stmp_reset_block from mxs_dcp_probe+0x120/0x41c
[    1.266316]  mxs_dcp_probe from platform_probe+0x58/0x90
[    1.266649]  platform_probe from really_probe+0xc4/0x2d0
[    1.266889]  really_probe from __driver_probe_device+0x90/0x1c8
[    1.267177]  __driver_probe_device from driver_probe_device+0x34/0x118
[    1.267426]  driver_probe_device from __driver_attach+0x9c/0x1a0
[    1.268136]  __driver_attach from bus_for_each_dev+0x7c/0xcc
[    1.269452]  bus_for_each_dev from bus_add_driver+0xc0/0x1e8
[    1.269956]  bus_add_driver from driver_register+0x84/0x138
[    1.271090]  driver_register from do_one_initcall+0x54/0x240
[    1.272291]  do_one_initcall from kernel_init_freeable+0x190/0x244
[    1.273116]  kernel_init_freeable from kernel_init+0x14/0x12c
[    1.273706]  kernel_init from ret_from_fork+0x14/0x28
[    1.274924] Exception stack(0xe083dfb0 to 0xe083dff8)
[    1.275207] dfa0:                                     00000000 00000000 00000000 00000000
[    1.275588] dfc0: 00000000 00000000 00000000 00000000 00000000 00000000 00000000 00000000
[    1.275845] dfe0: 00000000 00000000 00000000 00000000 00000013 00000000
[    1.276500] Code: e3a06000 ee076f9a ebec5625 e3a03102 (e5843008) 
[    1.277135] ---[ end trace 0000000000000000 ]---
[    1.277468] note: swapper/0[1] exited with irqs disabled
[    1.297277] Kernel panic - not syncing: Attempted to kill init! exitcode=0x0000000b
[    1.298796] ---[ end Kernel panic - not syncing: Attempted to kill init! exitcode=0x0000000b ]---
qemu-system-arm: terminating on signal 15 from pid 168172 (timeout)
