qemu-system-arm: warning: nic imx.enet.1 has no peer
[    0.000000] Booting Linux on physical CPU 0x0
[    0.000000] Linux version 7.1.0-dirty (charliechen@Charliechen) (arm-none-linux-gnueabihf-gcc (Arm GNU Toolchain 15.2.Rel1 (Build arm-15.86)) 15.2.1 20251203, GNU ld (Arm GNU Toolchain 15.2.Rel1 (Build arm-15.86)) 2.45.1.20251203) #1 Wed Jul  8 17:35:29 CST 2026
[    0.000000] CPU: ARMv7 Processor [410fc075] revision 5 (ARMv7), cr=10c53c7d
[    0.000000] CPU: div instructions available: patching division code
[    0.000000] CPU: PIPT / VIPT nonaliasing data cache, VIPT aliasing instruction cache
[    0.000000] OF: fdt: Machine model: Awesome Embedded Studio IMX6ULL (i.mx NXP)
[    0.000000] Memory policy: Data cache writeback
[    0.000000] Reserved memory: created CMA memory pool at 0x96000000, size 160 MiB
[    0.000000] OF: reserved mem: initialized node linux,cma, compatible id shared-dma-pool
[    0.000000] OF: reserved mem: 0x96000000..0x9fffffff (163840 KiB) map reusable linux,cma
[    0.000000] psci: probing for conduit method from DT.
[    0.000000] psci: PSCIv1.1 detected in firmware.
[    0.000000] psci: Using standard PSCI v0.2 function IDs
[    0.000000] psci: Trusted OS migration not required
[    0.000000] psci: SMC Calling Convention v1.0
[    0.000000] CPU: All CPU(s) started in HYP mode.
[    0.000000] CPU: Virtualization extensions available.
[    0.000000] Zone ranges:
[    0.000000]   Normal   [mem 0x0000000080000000-0x000000009fffffff]
[    0.000000]   HighMem  empty
[    0.000000] Movable zone start for each node
[    0.000000] Early memory node ranges
[    0.000000]   node   0: [mem 0x0000000080000000-0x000000009fffffff]
[    0.000000] Initmem setup node 0 [mem 0x0000000080000000-0x000000009fffffff]
[    0.000000] Kernel command line: console=ttymxc0,115200 root=/dev/mmcblk1 rootwait rw
[    0.000000] printk: log buffer data + meta data: 262144 + 819200 = 1081344 bytes
[    0.000000] Dentry cache hash table entries: 65536 (order: 6, 262144 bytes, linear)
[    0.000000] Inode-cache hash table entries: 32768 (order: 5, 131072 bytes, linear)
[    0.000000] Built 1 zonelists, mobility grouping on.  Total pages: 131072
[    0.000000] mem auto-init: stack:all(zero), heap alloc:off, heap free:off
[    0.000000] SLUB: HWalign=64, Order=0-3, MinObjects=0, CPUs=1, Nodes=1
[    0.000000] NR_IRQS: 16, nr_irqs: 16, preallocated irqs: 16
[    0.000000] GIC: Using split EOI/Deactivate mode
[    0.000000] Switching to timer-based delay loop, resolution 41ns
[    0.000142] sched_clock: 32 bits at 24MHz, resolution 41ns, wraps every 89478484971ns
[    0.000773] clocksource: mxc_timer1: mask: 0xffffffff max_cycles: 0xffffffff, max_idle_ns: 79635851949 ns
[    0.009317] Console: colour dummy device 80x30
[    0.012036] Calibrating delay loop (skipped), value calculated using timer frequency.. 48.00 BogoMIPS (lpj=240000)
[    0.012036] CPU: Testing write buffer coherency: ok
[    0.018152] pid_max: default: 32768 minimum: 301
[    0.021234] Mount-cache hash table entries: 1024 (order: 0, 4096 bytes, linear)
[    0.021305] Mountpoint-cache hash table entries: 1024 (order: 0, 4096 bytes, linear)
[    0.028892] VFS: Finished mounting rootfs on nullfs
[    0.054974] Setting up static identity map for 0x80100000 - 0x80100078
[    0.062684] Memory: 333588K/524288K available (13312K kernel code, 1244K rwdata, 3844K rodata, 1024K init, 379K bss, 26132K reserved, 163840K cma-reserved, 0K highmem)
[    0.074713] devtmpfs: initialized
[    0.089721] VFP support v0.3: implementor 41 architecture 2 part 30 variant 7 rev 5
[    0.111801] clocksource: jiffies: mask: 0xffffffff max_cycles: 0xffffffff, max_idle_ns: 19112604462750000 ns
[    0.113192] posixtimers hash table entries: 512 (order: 0, 2048 bytes, linear)
[    0.113438] futex hash table entries: 256 (4096 bytes on 1 NUMA nodes, total 4 KiB, linear).
[    0.136688] NET: Registered PF_NETLINK/PF_ROUTE protocol family
[    0.149936] DMA: preallocated 256 KiB pool for atomic coherent allocations
[    0.154047] thermal_sys: Registered thermal governor 'step_wise'
[    0.154302] cpuidle: using governor menu
[    0.154645] CPU identified as i.MX6UL, silicon rev 1.0
[    0.170581] /soc/interrupt-controller@a01000: Fixed dependency cycle(s) with /soc/interrupt-controller@a01000
[    0.171382] /soc/bus@2000000/clock-controller@20c4000: Fixed dependency cycle(s) with /soc/bus@2000000/gpc@20dc000
[    0.171568] /soc/bus@2000000/gpc@20dc000: Fixed dependency cycle(s) with /soc/bus@2000000/clock-controller@20c4000
[    0.171896] /soc/bus@2100000/i2c@21a4000/ov5640@3c: Fixed dependency cycle(s) with /soc/bus@2100000/csi@21c4000
[    0.172037] /soc/bus@2100000/csi@21c4000: Fixed dependency cycle(s) with /soc/bus@2100000/i2c@21a4000/ov5640@3c
[    0.179580] /soc/bus@2000000/clock-controller@20c4000: Fixed dependency cycle(s) with /soc/bus@2000000/gpc@20dc000
[    0.179835] /soc/bus@2000000/gpc@20dc000: Fixed dependency cycle(s) with /soc/bus@2000000/clock-controller@20c4000
[    0.188778] /soc/bus@2000000/gpc@20dc000: Fixed dependency cycle(s) with /soc/bus@2000000/clock-controller@20c4000
[    0.189882] /soc/bus@2100000/i2c@21a4000/ov5640@3c: Fixed dependency cycle(s) with /soc/bus@2100000/csi@21c4000
[    0.189973] /soc/bus@2100000/csi@21c4000: Fixed dependency cycle(s) with /soc/bus@2100000/i2c@21a4000/ov5640@3c
[    0.191643] /soc/bus@2100000/i2c@21a4000/ov5640@3c: Fixed dependency cycle(s) with /soc/bus@2100000/csi@21c4000
[    0.192162] /soc/bus@2100000/i2c@21a4000/ov5640@3c: Fixed dependency cycle(s) with /soc/bus@2100000/csi@21c4000
[    0.192347] /soc/bus@2100000/csi@21c4000: Fixed dependency cycle(s) with /soc/bus@2100000/i2c@21a4000/ov5640@3c
[    0.193904] /soc/bus@2100000/lcdif@21c8000: Fixed dependency cycle(s) with /panel-dpi
[    0.194072] /panel-dpi: Fixed dependency cycle(s) with /soc/bus@2100000/lcdif@21c8000
[    0.201286] No ATAGs?
[    0.202699] hw-breakpoint: found 5 (+1 reserved) breakpoint and 4 watchpoint registers.
[    0.202956] hw-breakpoint: maximum watchpoint size is 8 bytes.
[    0.206907] imx6ul-pinctrl 20e0000.pinctrl: initialized IMX pinctrl driver
[    0.209725] imx6ul-pinctrl 2290000.pinctrl: no groups defined in /soc/bus@2200000/pinctrl@2290000
[    0.209771] imx6ul-pinctrl 2290000.pinctrl: initialized IMX pinctrl driver
[    0.212876] kprobes: kprobe jump-optimization is enabled. All kprobes are optimized if possible.
[    0.227639] gpio gpiochip0: Static allocation of GPIO base is deprecated, use dynamic allocation.
[    0.247386] gpio gpiochip1: Static allocation of GPIO base is deprecated, use dynamic allocation.
[    0.252115] gpio gpiochip2: Static allocation of GPIO base is deprecated, use dynamic allocation.
[    0.256074] gpio gpiochip3: Static allocation of GPIO base is deprecated, use dynamic allocation.
[    0.258689] gpio gpiochip4: Static allocation of GPIO base is deprecated, use dynamic allocation.
[    0.264412] SCSI subsystem initialized
[    0.265631] libata version 3.00 loaded.
[    0.267400] usbcore: registered new interface driver usbfs
[    0.267728] usbcore: registered new interface driver hub
[    0.267936] usbcore: registered new device driver usb
[    0.280091] i2c i2c-0: IMX I2C adapter registered
[    0.282579] /soc/bus@2100000/csi@21c4000: Fixed dependency cycle(s) with /soc/bus@2100000/i2c@21a4000/ov5640@3c
[    0.282863] /soc/bus@2100000/i2c@21a4000/ov5640@3c: Fixed dependency cycle(s) with /soc/bus@2100000/csi@21c4000
[    0.283193] i2c i2c-1: IMX I2C adapter registered
[    0.288766] mc: Linux media interface: v0.10
[    0.289134] videodev: Linux video capture interface: v2.00
[    0.289766] pps_core: LinuxPPS API ver. 1 registered
[    0.289802] pps_core: Software ver. 5.3.6 - Copyright 2005-2007 Rodolfo Giometti <giometti@linux.it>
[    0.289854] PTP clock support registered
[    0.290899] Advanced Linux Sound Architecture Driver Initialized.
[    0.313180] Bluetooth: Core ver 2.22
[    0.313874] NET: Registered PF_BLUETOOTH protocol family
[    0.313938] Bluetooth: HCI device and connection manager initialized
[    0.314123] Bluetooth: HCI socket layer initialized
[    0.314212] Bluetooth: L2CAP socket layer initialized
[    0.314468] Bluetooth: SCO socket layer initialized
[    0.330030] clocksource: Switched to clocksource mxc_timer1
[    0.332485] VFS: Disk quotas dquot_6.6.0
[    0.332619] VFS: Dquot-cache hash table entries: 1024 (order 0, 4096 bytes)
[    0.357339] NET: Registered PF_INET protocol family
[    0.359288] IP idents hash table entries: 8192 (order: 4, 65536 bytes, linear)
[    0.366410] tcp_listen_portaddr_hash hash table entries: 1024 (order: 0, 4096 bytes, linear)
[    0.366694] Table-perturb hash table entries: 65536 (order: 6, 262144 bytes, linear)
[    0.367031] TCP established hash table entries: 4096 (order: 2, 16384 bytes, linear)
[    0.367524] TCP bind hash table entries: 4096 (order: 3, 32768 bytes, linear)
[    0.368413] TCP: Hash tables configured (established 4096 bind 4096)
[    0.373023] UDP hash table entries: 256 (order: 1, 8192 bytes, linear)
[    0.374991] NET: Registered PF_UNIX/PF_LOCAL protocol family
[    0.379315] RPC: Registered named UNIX socket transport module.
[    0.379375] RPC: Registered udp transport module.
[    0.379387] RPC: Registered tcp transport module.
[    0.379394] RPC: Registered tcp-with-tls transport module.
[    0.379402] RPC: Registered tcp NFSv4.1 backchannel transport module.
[    0.393720] Initialise system trusted keyrings
[    0.398189] workingset: timestamp_bits=30 (anon: 26) max_order=17 bucket_order=0 (anon: 0)
[    0.405708] NFS: Registering the id_resolver key type
[    0.406162] Key type id_resolver registered
[    0.406221] Key type id_legacy registered
[    0.406879] nfs4filelayout_init: NFSv4 File Layout Driver Registering...
[    0.407159] nfs4flexfilelayout_init: NFSv4 Flexfile Layout Driver Registering...
[    0.407790] jffs2: version 2.2. (NAND) © 2001-2006 Red Hat, Inc.
[    0.409121] fuse: init (API version 7.45)
[    0.412260] Key type asymmetric registered
[    0.412332] Asymmetric key parser 'x509' registered
[    0.412699] io scheduler mq-deadline registered
[    0.412807] io scheduler kyber registered
[    0.412936] io scheduler bfq registered
[    0.436595] imx-sdma 20ec000.dma-controller: external firmware not found, using ROM firmware
[    0.438771] stmp_reset_block((ptrval)): module reset timeout
[    0.439529] mxs-dma 1804000.dma-controller: probe with driver mxs-dma failed with error -110
[    0.441003] imx_soc_device_init: failed to find fsl,imx6ul-ocotp regmap!
[    0.452623] 2020000.serial: ttymxc0 at MMIO 0x2020000 (irq = 191, base_baud = 5000000) is a IMX
[    0.456353] printk: console [ttymxc0] enabled
[    0.482082] 8<--- cut here ---
[    0.482163] Unhandled fault: external abort on non-linefetch (0x008) at 0xe09b8000
[    0.482234] [e09b8000] *pgd=8201d811, *pte=02284653, *ppte=02284453
[    0.483088] Internal error: : 8 [#1] ARM
[    0.496035] Modules linked in:
[    0.496585] CPU: 0 UID: 0 PID: 1 Comm: swapper/0 Not tainted 7.1.0-dirty #1 VOLUNTARY 
[    0.496965] Hardware name: Freescale i.MX6 Ultralite (Device Tree)
[    0.497339] PC is at imx_rngc_probe+0xa8/0x2e0
[    0.498603] LR is at clk_enable+0x34/0x44
[    0.499030] pc : [<c1336f54>]    lr : [<c0657014>]    psr: 60000013
[    0.499403] sp : e083dde0  ip : 00000000  fp : c136e224
[    0.499625] r10: 00000006  r9 : c1147b48  r8 : c23ad040
[    0.499883] r7 : c214c800  r6 : c214c810  r5 : 000000c0  r4 : c2036d00
[    0.500083] r3 : e09b8000  r2 : c2076900  r1 : c2076900  r0 : 00000000
[    0.500369] Flags: nZCv  IRQs on  FIQs on  Mode SVC_32  ISA ARM  Segment none
[    0.500633] Control: 10c53c7d  Table: 80004059  DAC: 00000051
[    0.500869] Register r0 information: NULL pointer
[    0.501316] Register r1 information: slab task_struct start c2076900 pointer offset 0 size 2240
[    0.501857] Register r2 information: slab task_struct start c2076900 pointer offset 0 size 2240
[    0.502147] Register r3 information: 0-page vmalloc region starting at 0xe09b8000 allocated at __devm_ioremap_resource+0x1a8/0x1e8
[    0.502641] Register r4 information: slab kmalloc-192 start c2036cc0 pointer offset 64 size 192
[    0.503059] Register r5 information: non-paged memory
[    0.503235] Register r6 information: slab kmalloc-1k start c214c800 pointer offset 16 size 1024
[    0.503483] Register r7 information: slab kmalloc-1k start c214c800 pointer offset 0 size 1024
[    0.503762] Register r8 information: slab kmalloc-64 start c23ad040 pointer offset 0 size 64
[    0.504058] Register r9 information: non-slab/vmalloc memory
[    0.504305] Register r10 information: non-paged memory
[    0.504466] Register r11 information: non-slab/vmalloc memory
[    0.504648] Register r12 information: NULL pointer
[    0.504843] Process swapper/0 (pid: 1, stack limit = 0x(ptrval))
[    0.505084] Stack: (0xe083dde0 to 0xe083e000)
[    0.505285] dde0: 00000000 c214c810 c14ecd8c c14ecd8c 00000000 c214c810 c14ecd8c c14ecd8c
[    0.505540] de00: 00000000 00000000 c1147b48 00000006 c136e224 c0764e34 c214c810 00000000
[    0.505743] de20: c14ecd8c c0762460 c214c810 c14ecd8c c14ecd8c c214c810 00000000 c07626fc
[    0.505922] de40: 00000006 c0a2ccb8 c158d24c c158d254 c14ecd8c c214c810 00000000 c0762904
[    0.506169] de60: c214c810 c14ecd8c c14ecd8c c0762b10 c1539000 c0762bac 00000000 c214c858
[    0.506418] de80: c2042300 00000000 c2042300 c0760234 c2042300 c2042348 c2016a30 f41147cd
[    0.506651] dea0: c14ecd8c c2394c80 00000000 c14ecd8c c2042300 c0761664 c10b0650 00000000
[    0.506940] dec0: c14ecd8c c1336e94 c0e8835c c1539000 c1539000 c07639bc 00000000 00000000
[    0.507178] dee0: c14ecd78 c0764d08 00000000 f41147cd c2076900 c1336e94 00000000 c01161ac
[    0.507423] df00: 00000000 c11c0928 c210d9e9 00000000 00000000 00000000 00000000 00000000
[    0.507656] df20: 00000000 00000000 00000000 00000000 00000000 00000000 00000000 00000000
[    0.507896] df40: 00000000 00000000 00000000 f41147cd 00000117 c210d9c0 c1352854 c1352834
[    0.508177] df60: c1539000 c1147b48 00000006 c1301354 00000006 00000006 00000000 c13004d8
[    0.508426] df80: c2076900 c1403180 c0ddb614 00000000 00000000 00000000 00000000 00000000
[    0.508652] dfa0: 00000000 c0ddb628 00000000 c010016c 00000000 00000000 00000000 00000000
[    0.508881] dfc0: 00000000 00000000 00000000 00000000 00000000 00000000 00000000 00000000
[    0.509125] dfe0: 00000000 00000000 00000000 00000000 00000013 00000000 00000000 00000000
[    0.509524] Call trace: 
[    0.510107]  imx_rngc_probe from platform_probe+0x58/0x90
[    0.510710]  platform_probe from really_probe+0xc4/0x2d0
[    0.511284]  really_probe from __driver_probe_device+0x90/0x1c8
[    0.511567]  __driver_probe_device from driver_probe_device+0x34/0x118
[    0.511902]  driver_probe_device from __driver_attach+0x9c/0x1a0
[    0.512104]  __driver_attach from bus_for_each_dev+0x7c/0xcc
[    0.512280]  bus_for_each_dev from bus_add_driver+0xc0/0x1e8
[    0.512452]  bus_add_driver from driver_register+0x84/0x138
[    0.512634]  driver_register from __platform_driver_probe+0x44/0xbc
[    0.512874]  __platform_driver_probe from do_one_initcall+0x54/0x240
[    0.513260]  do_one_initcall from kernel_init_freeable+0x190/0x244
[    0.513559]  kernel_init_freeable from kernel_init+0x14/0x12c
[    0.513760]  kernel_init from ret_from_fork+0x14/0x28
[    0.514040] Exception stack(0xe083dfb0 to 0xe083dff8)
[    0.514207] dfa0:                                     00000000 00000000 00000000 00000000
[    0.514570] dfc0: 00000000 00000000 00000000 00000000 00000000 00000000 00000000 00000000
[    0.514794] dfe0: 00000000 00000000 00000000 00000000 00000013 00000000
[    0.515103] Code: 0a000001 e1a00008 ebcc817f e5943008 (e5938000) 
[    0.516061] ---[ end trace 0000000000000000 ]---
[    0.517661] note: swapper/0[1] exited with irqs disabled
[    0.520359] Kernel panic - not syncing: Attempted to kill init! exitcode=0x0000000b
[    0.521009] ---[ end Kernel panic - not syncing: Attempted to kill init! exitcode=0x0000000b ]---
qemu-system-arm: terminating on signal 15 from pid 165643 (timeout)
