qemu-system-arm: warning: nic imx.enet.1 has no peer
[    0.000000] Booting Linux on physical CPU 0x0
[    0.000000] Linux version 7.1.0-dirty (charliechen@Charliechen) (arm-none-linux-gnueabihf-gcc (Arm GNU Toolchain 15.2.Rel1 (Build arm-15.86)) 15.2.1 20251203, GNU ld (Arm GNU Toolchain 15.2.Rel1 (Build arm-15.86)) 2.45.1.20251203) #1 Wed Jul  8 17:35:29 CST 2026
[    0.000000] CPU: ARMv7 Processor [410fc075] revision 5 (ARMv7), cr=10c53c7d
[    0.000000] CPU: div instructions available: patching division code
[    0.000000] CPU: PIPT / VIPT nonaliasing data cache, VIPT aliasing instruction cache
[    0.000000] OF: fdt: Machine model: Awesome Embedded Studio IMX6ULL (i.mx NXP)
[    0.000000] Memory policy: Data cache writeback
[    0.000000] Reserved memory: created CMA memory pool at 0x96000000, size 160 MiB
[    0.000000] OF: reserved mem: initialized node linux,cma, compatible id shared-dma-pool
[    0.000000] OF: reserved mem: 0x96000000..0x9fffffff (163840 KiB) map reusable linux,cma
[    0.000000] psci: probing for conduit method from DT.
[    0.000000] psci: PSCIv1.1 detected in firmware.
[    0.000000] psci: Using standard PSCI v0.2 function IDs
[    0.000000] psci: Trusted OS migration not required
[    0.000000] psci: SMC Calling Convention v1.0
[    0.000000] CPU: All CPU(s) started in HYP mode.
[    0.000000] CPU: Virtualization extensions available.
[    0.000000] Zone ranges:
[    0.000000]   Normal   [mem 0x0000000080000000-0x000000009fffffff]
[    0.000000]   HighMem  empty
[    0.000000] Movable zone start for each node
[    0.000000] Early memory node ranges
[    0.000000]   node   0: [mem 0x0000000080000000-0x000000009fffffff]
[    0.000000] Initmem setup node 0 [mem 0x0000000080000000-0x000000009fffffff]
[    0.000000] Kernel command line: console=ttymxc0,115200 root=/dev/mmcblk1 rootwait rw
[    0.000000] printk: log buffer data + meta data: 262144 + 819200 = 1081344 bytes
[    0.000000] Dentry cache hash table entries: 65536 (order: 6, 262144 bytes, linear)
[    0.000000] Inode-cache hash table entries: 32768 (order: 5, 131072 bytes, linear)
[    0.000000] Built 1 zonelists, mobility grouping on.  Total pages: 131072
[    0.000000] mem auto-init: stack:all(zero), heap alloc:off, heap free:off
[    0.000000] SLUB: HWalign=64, Order=0-3, MinObjects=0, CPUs=1, Nodes=1
[    0.000000] NR_IRQS: 16, nr_irqs: 16, preallocated irqs: 16
[    0.000000] GIC: Using split EOI/Deactivate mode
[    0.000000] Switching to timer-based delay loop, resolution 41ns
[    0.000234] sched_clock: 32 bits at 24MHz, resolution 41ns, wraps every 89478484971ns
[    0.000906] clocksource: mxc_timer1: mask: 0xffffffff max_cycles: 0xffffffff, max_idle_ns: 79635851949 ns
[    0.011461] Console: colour dummy device 80x30
[    0.013028] Calibrating delay loop (skipped), value calculated using timer frequency.. 48.00 BogoMIPS (lpj=240000)
[    0.013142] CPU: Testing write buffer coherency: ok
[    0.018184] pid_max: default: 32768 minimum: 301
[    0.022512] Mount-cache hash table entries: 1024 (order: 0, 4096 bytes, linear)
[    0.022607] Mountpoint-cache hash table entries: 1024 (order: 0, 4096 bytes, linear)
[    0.033055] VFS: Finished mounting rootfs on nullfs
[    0.063200] Setting up static identity map for 0x80100000 - 0x80100078
[    0.075324] Memory: 333588K/524288K available (13312K kernel code, 1244K rwdata, 3844K rodata, 1024K init, 379K bss, 26132K reserved, 163840K cma-reserved, 0K highmem)
[    0.087793] devtmpfs: initialized
[    0.106981] VFP support v0.3: implementor 41 architecture 2 part 30 variant 7 rev 5
[    0.129895] clocksource: jiffies: mask: 0xffffffff max_cycles: 0xffffffff, max_idle_ns: 19112604462750000 ns
[    0.130835] posixtimers hash table entries: 512 (order: 0, 2048 bytes, linear)
[    0.131135] futex hash table entries: 256 (4096 bytes on 1 NUMA nodes, total 4 KiB, linear).
[    0.169176] NET: Registered PF_NETLINK/PF_ROUTE protocol family
[    0.187117] DMA: preallocated 256 KiB pool for atomic coherent allocations
[    0.193593] thermal_sys: Registered thermal governor 'step_wise'
[    0.193806] cpuidle: using governor menu
[    0.194214] CPU identified as i.MX6UL, silicon rev 1.0
[    0.211110] /soc/interrupt-controller@a01000: Fixed dependency cycle(s) with /soc/interrupt-controller@a01000
[    0.212081] /soc/bus@2000000/clock-controller@20c4000: Fixed dependency cycle(s) with /soc/bus@2000000/gpc@20dc000
[    0.212325] /soc/bus@2000000/gpc@20dc000: Fixed dependency cycle(s) with /soc/bus@2000000/clock-controller@20c4000
[    0.212755] /soc/bus@2100000/i2c@21a4000/ov5640@3c: Fixed dependency cycle(s) with /soc/bus@2100000/csi@21c4000
[    0.212958] /soc/bus@2100000/csi@21c4000: Fixed dependency cycle(s) with /soc/bus@2100000/i2c@21a4000/ov5640@3c
[    0.225197] /soc/bus@2000000/clock-controller@20c4000: Fixed dependency cycle(s) with /soc/bus@2000000/gpc@20dc000
[    0.225456] /soc/bus@2000000/gpc@20dc000: Fixed dependency cycle(s) with /soc/bus@2000000/clock-controller@20c4000
[    0.236337] /soc/bus@2000000/gpc@20dc000: Fixed dependency cycle(s) with /soc/bus@2000000/clock-controller@20c4000
[    0.240996] /soc/bus@2100000/i2c@21a4000/ov5640@3c: Fixed dependency cycle(s) with /soc/bus@2100000/csi@21c4000
[    0.241246] /soc/bus@2100000/csi@21c4000: Fixed dependency cycle(s) with /soc/bus@2100000/i2c@21a4000/ov5640@3c
[    0.246564] /soc/bus@2100000/i2c@21a4000/ov5640@3c: Fixed dependency cycle(s) with /soc/bus@2100000/csi@21c4000
[    0.247486] /soc/bus@2100000/i2c@21a4000/ov5640@3c: Fixed dependency cycle(s) with /soc/bus@2100000/csi@21c4000
[    0.247731] /soc/bus@2100000/csi@21c4000: Fixed dependency cycle(s) with /soc/bus@2100000/i2c@21a4000/ov5640@3c
[    0.264060] No ATAGs?
[    0.264969] hw-breakpoint: found 5 (+1 reserved) breakpoint and 4 watchpoint registers.
[    0.265063] hw-breakpoint: maximum watchpoint size is 8 bytes.
[    0.272204] imx6ul-pinctrl 20e0000.pinctrl: initialized IMX pinctrl driver
[    0.276144] imx6ul-pinctrl 2290000.pinctrl: no groups defined in /soc/bus@2200000/pinctrl@2290000
[    0.276226] imx6ul-pinctrl 2290000.pinctrl: initialized IMX pinctrl driver
[    0.281494] kprobes: kprobe jump-optimization is enabled. All kprobes are optimized if possible.
[    0.304349] gpio gpiochip0: Static allocation of GPIO base is deprecated, use dynamic allocation.
[    0.325876] gpio gpiochip1: Static allocation of GPIO base is deprecated, use dynamic allocation.
[    0.331053] gpio gpiochip2: Static allocation of GPIO base is deprecated, use dynamic allocation.
[    0.334463] gpio gpiochip3: Static allocation of GPIO base is deprecated, use dynamic allocation.
[    0.337480] gpio gpiochip4: Static allocation of GPIO base is deprecated, use dynamic allocation.
[    0.345544] SCSI subsystem initialized
[    0.348698] usbcore: registered new interface driver usbfs
[    0.349131] usbcore: registered new interface driver hub
[    0.349402] usbcore: registered new device driver usb
[    0.360885] i2c i2c-0: IMX I2C adapter registered
[    0.363032] /soc/bus@2100000/csi@21c4000: Fixed dependency cycle(s) with /soc/bus@2100000/i2c@21a4000/ov5640@3c
[    0.363351] /soc/bus@2100000/i2c@21a4000/ov5640@3c: Fixed dependency cycle(s) with /soc/bus@2100000/csi@21c4000
[    0.363615] i2c i2c-1: IMX I2C adapter registered
[    0.369438] mc: Linux media interface: v0.10
[    0.369777] videodev: Linux video capture interface: v2.00
[    0.370264] pps_core: LinuxPPS API ver. 1 registered
[    0.370285] pps_core: Software ver. 5.3.6 - Copyright 2005-2007 Rodolfo Giometti <giometti@linux.it>
[    0.370361] PTP clock support registered
[    0.371655] Advanced Linux Sound Architecture Driver Initialized.
[    0.385005] Bluetooth: Core ver 2.22
[    0.385672] NET: Registered PF_BLUETOOTH protocol family
[    0.385728] Bluetooth: HCI device and connection manager initialized
[    0.385881] Bluetooth: HCI socket layer initialized
[    0.385945] Bluetooth: L2CAP socket layer initialized
[    0.386092] Bluetooth: SCO socket layer initialized
[    0.395478] clocksource: Switched to clocksource mxc_timer1
[    0.397997] VFS: Disk quotas dquot_6.6.0
[    0.398170] VFS: Dquot-cache hash table entries: 1024 (order 0, 4096 bytes)
[    0.427362] NET: Registered PF_INET protocol family
[    0.429631] IP idents hash table entries: 8192 (order: 4, 65536 bytes, linear)
[    0.432679] tcp_listen_portaddr_hash hash table entries: 1024 (order: 0, 4096 bytes, linear)
[    0.432773] Table-perturb hash table entries: 65536 (order: 6, 262144 bytes, linear)
[    0.432819] TCP established hash table entries: 4096 (order: 2, 16384 bytes, linear)
[    0.432972] TCP bind hash table entries: 4096 (order: 3, 32768 bytes, linear)
[    0.433124] TCP: Hash tables configured (established 4096 bind 4096)
[    0.435218] UDP hash table entries: 256 (order: 1, 8192 bytes, linear)
[    0.437061] NET: Registered PF_UNIX/PF_LOCAL protocol family
[    0.441278] RPC: Registered named UNIX socket transport module.
[    0.441358] RPC: Registered udp transport module.
[    0.441374] RPC: Registered tcp transport module.
[    0.441383] RPC: Registered tcp-with-tls transport module.
[    0.441392] RPC: Registered tcp NFSv4.1 backchannel transport module.
[    0.455962] Initialise system trusted keyrings
[    0.457687] workingset: timestamp_bits=30 (anon: 26) max_order=17 bucket_order=0 (anon: 0)
[    0.463272] NFS: Registering the id_resolver key type
[    0.464026] Key type id_resolver registered
[    0.464157] Key type id_legacy registered
[    0.464534] nfs4filelayout_init: NFSv4 File Layout Driver Registering...
[    0.464743] nfs4flexfilelayout_init: NFSv4 Flexfile Layout Driver Registering...
[    0.465217] jffs2: version 2.2. (NAND) © 2001-2006 Red Hat, Inc.
[    0.466861] fuse: init (API version 7.45)
[    0.469477] Key type asymmetric registered
[    0.469529] Asymmetric key parser 'x509' registered
[    0.469811] io scheduler mq-deadline registered
[    0.469909] io scheduler kyber registered
[    0.470099] io scheduler bfq registered
[    0.497734] stmp_reset_block((ptrval)): module reset timeout
[    0.498173] mxs-dma 1804000.dma-controller: probe with driver mxs-dma failed with error -110
[    0.500069] imx_soc_device_init: failed to find fsl,imx6ul-ocotp regmap!
[    0.506646] imx-sdma 20ec000.dma-controller: external firmware not found, using ROM firmware
[    0.513372] 2020000.serial: ttymxc0 at MMIO 0x2020000 (irq = 191, base_baud = 5000000) is a IMX
[    0.516624] printk: console [ttymxc0] enabled
[    0.565014] panel-simple panel-dpi: Specify missing bus_format
[    0.565153] panel-simple panel-dpi: Expected bpc in {6,8} but got: 0
[    0.572037] cacheinfo: Unable to detect cache hierarchy for CPU 0
[    0.607129] brd: module loaded
[    0.622707] loop: module loaded
[    0.634390] 8<--- cut here ---
[    0.634449] Unhandled fault: external abort on non-linefetch (0x808) at 0xe0a50000
[    0.634497] [e0a50000] *pgd=823e3811, *pte=021e0653, *ppte=021e0453
[    0.635069] Internal error: : 808 [#1] ARM
[    0.636241] Modules linked in:
[    0.636741] CPU: 0 UID: 0 PID: 1 Comm: swapper/0 Not tainted 7.1.0-dirty #1 VOLUNTARY 
[    0.637479] Hardware name: Freescale i.MX6 Ultralite (Device Tree)
[    0.637789] PC is at fsl_qspi_default_setup+0x3d8/0x568
[    0.638484] LR is at fsl_qspi_default_setup+0x3d4/0x568
[    0.638675] pc : [<c0838930>]    lr : [<c083892c>]    psr: 60000013
[    0.638864] sp : e083dde8  ip : 00000000  fp : c136e304
[    0.639023] r10: 00000006  r9 : c1147b48  r8 : d5fa59fc
[    0.639190] r7 : c2136000  r6 : e0a50000  r5 : 00000000  r4 : c21bcb00
[    0.639475] r3 : 00000003  r2 : c2076900  r1 : 00000000  r0 : 00000000
[    0.639745] Flags: nZCv  IRQs on  FIQs on  Mode SVC_32  ISA ARM  Segment none
[    0.640081] Control: 10c53c7d  Table: 80004059  DAC: 00000051
[    0.640300] Register r0 information: NULL pointer
[    0.640615] Register r1 information: NULL pointer
[    0.640756] Register r2 information: slab task_struct start c2076900 pointer offset 0 size 2240
[    0.641269] Register r3 information: non-paged memory
[    0.641471] Register r4 information: slab kmalloc-1k start c21bc800 pointer offset 768 size 1024
[    0.641790] Register r5 information: NULL pointer
[    0.641948] Register r6 information: 0-page vmalloc region starting at 0xe0a50000 allocated at __devm_ioremap_resource+0x1a8/0x1e8
[    0.642391] Register r7 information: slab kmalloc-1k start c2136000 pointer offset 0 size 1024
[    0.642673] Register r8 information: non-slab/vmalloc memory
[    0.642887] Register r9 information: non-slab/vmalloc memory
[    0.643053] Register r10 information: non-paged memory
[    0.643204] Register r11 information: non-slab/vmalloc memory
[    0.643690] Register r12 information: NULL pointer
[    0.643884] Process swapper/0 (pid: 1, stack limit = 0x(ptrval))
[    0.644117] Stack: (0xe083dde8 to 0xe083e000)
[    0.644406] dde0:                   c2136000 d5fa59fc c21bcb00 c2136010 c21bc800 c0838ce8
[    0.644770] de00: 00200000 c21223c0 c21bcb00 c068714c c14f3704 000000c0 c2136010 c14f3704
[    0.644999] de20: c14f3704 00000000 00000000 c0764e34 c2136010 00000000 c14f3704 c0762460
[    0.645215] de40: c2136010 c14f3704 c14f3704 c2136010 00000000 c07626fc 00000006 c0a2ccb8
[    0.645430] de60: c158d24c c158d254 c14f3704 c2136010 00000000 c0762904 c2136010 c14f3704
[    0.645642] de80: c14f3704 c0762b10 c1539000 c0762bac 00000000 c2136058 c2042300 00000000
[    0.645936] dea0: c2042300 c0760234 c2042300 c2042348 c2016c30 6c2a631c c14f3704 c23db300
[    0.646270] dec0: 00000000 c14f3704 c2042300 c0761664 c10dc754 00000000 c14f3704 c1339710
[    0.646516] dee0: 00000000 c1539000 c1539000 c07639bc c2076900 c1339710 c2076900 c01161ac
[    0.646808] df00: 00000000 c11c0928 c210a969 00000000 00000000 00000000 00000000 00000000
[    0.647103] df20: 00000000 00000000 00000000 00000000 00000000 00000000 00000000 00000000
[    0.648065] df40: 00000000 00000000 00000000 6c2a631c 00000117 c210a940 c1352854 c1352834
[    0.648494] df60: c1539000 c1147b48 00000006 c1301354 00000006 00000006 00000000 c13004d8
[    0.648747] df80: c2076900 c1403180 c0ddb614 00000000 00000000 00000000 00000000 00000000
[    0.649383] dfa0: 00000000 c0ddb628 00000000 c010016c 00000000 00000000 00000000 00000000
[    0.650001] dfc0: 00000000 00000000 00000000 00000000 00000000 00000000 00000000 00000000
[    0.650276] dfe0: 00000000 00000000 00000000 00000000 00000013 00000000 00000000 00000000
[    0.650625] Call trace: 
[    0.651781]  fsl_qspi_default_setup from fsl_qspi_probe+0x214/0x364
[    0.652172]  fsl_qspi_probe from platform_probe+0x58/0x90
[    0.652371]  platform_probe from really_probe+0xc4/0x2d0
[    0.652564]  really_probe from __driver_probe_device+0x90/0x1c8
[    0.652774]  __driver_probe_device from driver_probe_device+0x34/0x118
[    0.652964]  driver_probe_device from __driver_attach+0x9c/0x1a0
[    0.653183]  __driver_attach from bus_for_each_dev+0x7c/0xcc
[    0.653446]  bus_for_each_dev from bus_add_driver+0xc0/0x1e8
[    0.653915]  bus_add_driver from driver_register+0x84/0x138
[    0.654098]  driver_register from do_one_initcall+0x54/0x240
[    0.654432]  do_one_initcall from kernel_init_freeable+0x190/0x244
[    0.654766]  kernel_init_freeable from kernel_init+0x14/0x12c
[    0.654953]  kernel_init from ret_from_fork+0x14/0x28
[    0.655134] Exception stack(0xe083dfb0 to 0xe083dff8)
[    0.655381] dfa0:                                     00000000 00000000 00000000 00000000
[    0.655607] dfc0: 00000000 00000000 00000000 00000000 00000000 00000000 00000000 00000000
[    0.655823] dfe0: 00000000 00000000 00000000 00000000 00000013 00000000
[    0.656176] Code: eaffff14 ee075f9a ebe3b3ff e3a03003 (e5863000) 
[    0.656849] ---[ end trace 0000000000000000 ]---
[    0.657162] note: swapper/0[1] exited with irqs disabled
[    0.658609] Kernel panic - not syncing: Attempted to kill init! exitcode=0x0000000b
[    0.659206] ---[ end Kernel panic - not syncing: Attempted to kill init! exitcode=0x0000000b ]---
qemu-system-arm: terminating on signal 15 from pid 167023 (timeout)
