qemu-system-arm: warning: nic imx.enet.1 has no peer
[    0.000000] Booting Linux on physical CPU 0x0
[    0.000000] Linux version 7.1.0-dirty (charliechen@Charliechen) (arm-none-linux-gnueabihf-gcc (Arm GNU Toolchain 15.2.Rel1 (Build arm-15.86)) 15.2.1 20251203, GNU ld (Arm GNU Toolchain 15.2.Rel1 (Build arm-15.86)) 2.45.1.20251203) #1 Wed Jul  8 17:35:29 CST 2026
[    0.000000] CPU: ARMv7 Processor [410fc075] revision 5 (ARMv7), cr=10c53c7d
[    0.000000] CPU: div instructions available: patching division code
[    0.000000] CPU: PIPT / VIPT nonaliasing data cache, VIPT aliasing instruction cache
[    0.000000] OF: fdt: Machine model: Awesome Embedded Studio IMX6ULL (i.mx NXP)
[    0.000000] Memory policy: Data cache writeback
[    0.000000] Reserved memory: created CMA memory pool at 0x96000000, size 160 MiB
[    0.000000] OF: reserved mem: initialized node linux,cma, compatible id shared-dma-pool
[    0.000000] OF: reserved mem: 0x96000000..0x9fffffff (163840 KiB) map reusable linux,cma
[    0.000000] psci: probing for conduit method from DT.
[    0.000000] psci: PSCIv1.1 detected in firmware.
[    0.000000] psci: Using standard PSCI v0.2 function IDs
[    0.000000] psci: Trusted OS migration not required
[    0.000000] psci: SMC Calling Convention v1.0
[    0.000000] CPU: All CPU(s) started in HYP mode.
[    0.000000] CPU: Virtualization extensions available.
[    0.000000] Zone ranges:
[    0.000000]   Normal   [mem 0x0000000080000000-0x000000009fffffff]
[    0.000000]   HighMem  empty
[    0.000000] Movable zone start for each node
[    0.000000] Early memory node ranges
[    0.000000]   node   0: [mem 0x0000000080000000-0x000000009fffffff]
[    0.000000] Initmem setup node 0 [mem 0x0000000080000000-0x000000009fffffff]
[    0.000000] Kernel command line: console=ttymxc0,115200 root=/dev/mmcblk1 rootwait rw
[    0.000000] printk: log buffer data + meta data: 262144 + 819200 = 1081344 bytes
[    0.000000] Dentry cache hash table entries: 65536 (order: 6, 262144 bytes, linear)
[    0.000000] Inode-cache hash table entries: 32768 (order: 5, 131072 bytes, linear)
[    0.000000] Built 1 zonelists, mobility grouping on.  Total pages: 131072
[    0.000000] mem auto-init: stack:all(zero), heap alloc:off, heap free:off
[    0.000000] SLUB: HWalign=64, Order=0-3, MinObjects=0, CPUs=1, Nodes=1
[    0.000000] NR_IRQS: 16, nr_irqs: 16, preallocated irqs: 16
[    0.000000] GIC: Using split EOI/Deactivate mode
[    0.000000] Switching to timer-based delay loop, resolution 41ns
[    0.000151] sched_clock: 32 bits at 24MHz, resolution 41ns, wraps every 89478484971ns
[    0.000630] clocksource: mxc_timer1: mask: 0xffffffff max_cycles: 0xffffffff, max_idle_ns: 79635851949 ns
[    0.010773] Console: colour dummy device 80x30
[    0.011845] Calibrating delay loop (skipped), value calculated using timer frequency.. 48.00 BogoMIPS (lpj=240000)
[    0.011945] CPU: Testing write buffer coherency: ok
[    0.012098] pid_max: default: 32768 minimum: 301
[    0.019432] Mount-cache hash table entries: 1024 (order: 0, 4096 bytes, linear)
[    0.019579] Mountpoint-cache hash table entries: 1024 (order: 0, 4096 bytes, linear)
[    0.029156] VFS: Finished mounting rootfs on nullfs
[    0.046880] Setting up static identity map for 0x80100000 - 0x80100078
[    0.052143] Memory: 333580K/524288K available (13312K kernel code, 1244K rwdata, 3844K rodata, 1024K init, 379K bss, 26132K reserved, 163840K cma-reserved, 0K highmem)
[    0.058023] devtmpfs: initialized
[    0.068506] VFP support v0.3: implementor 41 architecture 2 part 30 variant 7 rev 5
[    0.082568] clocksource: jiffies: mask: 0xffffffff max_cycles: 0xffffffff, max_idle_ns: 19112604462750000 ns
[    0.083301] posixtimers hash table entries: 512 (order: 0, 2048 bytes, linear)
[    0.083526] futex hash table entries: 256 (4096 bytes on 1 NUMA nodes, total 4 KiB, linear).
[    0.102656] NET: Registered PF_NETLINK/PF_ROUTE protocol family
[    0.112489] DMA: preallocated 256 KiB pool for atomic coherent allocations
[    0.115784] thermal_sys: Registered thermal governor 'step_wise'
[    0.115923] cpuidle: using governor menu
[    0.116151] CPU identified as i.MX6UL, silicon rev 1.0
[    0.126465] /soc/interrupt-controller@a01000: Fixed dependency cycle(s) with /soc/interrupt-controller@a01000
[    0.126950] /soc/bus@2000000/clock-controller@20c4000: Fixed dependency cycle(s) with /soc/bus@2000000/gpc@20dc000
[    0.127046] /soc/bus@2000000/gpc@20dc000: Fixed dependency cycle(s) with /soc/bus@2000000/clock-controller@20c4000
[    0.132390] /soc/bus@2000000/clock-controller@20c4000: Fixed dependency cycle(s) with /soc/bus@2000000/gpc@20dc000
[    0.132390] /soc/bus@2000000/gpc@20dc000: Fixed dependency cycle(s) with /soc/bus@2000000/clock-controller@20c4000
[    0.138592] /soc/bus@2000000/gpc@20dc000: Fixed dependency cycle(s) with /soc/bus@2000000/clock-controller@20c4000
[    0.149470] No ATAGs?
[    0.150237] hw-breakpoint: found 5 (+1 reserved) breakpoint and 4 watchpoint registers.
[    0.150298] hw-breakpoint: maximum watchpoint size is 8 bytes.
[    0.154297] imx6ul-pinctrl 20e0000.pinctrl: initialized IMX pinctrl driver
[    0.156221] imx6ul-pinctrl 2290000.pinctrl: no groups defined in /soc/bus@2200000/pinctrl@2290000
[    0.156266] imx6ul-pinctrl 2290000.pinctrl: initialized IMX pinctrl driver
[    0.159998] kprobes: kprobe jump-optimization is enabled. All kprobes are optimized if possible.
[    0.177497] gpio gpiochip0: Static allocation of GPIO base is deprecated, use dynamic allocation.
[    0.196581] gpio gpiochip1: Static allocation of GPIO base is deprecated, use dynamic allocation.
[    0.200901] gpio gpiochip2: Static allocation of GPIO base is deprecated, use dynamic allocation.
[    0.203569] gpio gpiochip3: Static allocation of GPIO base is deprecated, use dynamic allocation.
[    0.206651] gpio gpiochip4: Static allocation of GPIO base is deprecated, use dynamic allocation.
[    0.214035] SCSI subsystem initialized
[    0.215722] usbcore: registered new interface driver usbfs
[    0.215888] usbcore: registered new interface driver hub
[    0.215983] usbcore: registered new device driver usb
[    0.224055] i2c i2c-0: IMX I2C adapter registered
[    0.226640] i2c i2c-1: IMX I2C adapter registered
[    0.231540] mc: Linux media interface: v0.10
[    0.231755] videodev: Linux video capture interface: v2.00
[    0.232935] pps_core: LinuxPPS API ver. 1 registered
[    0.232978] pps_core: Software ver. 5.3.6 - Copyright 2005-2007 Rodolfo Giometti <giometti@linux.it>
[    0.233067] PTP clock support registered
[    0.234938] Advanced Linux Sound Architecture Driver Initialized.
[    0.244680] Bluetooth: Core ver 2.22
[    0.244875] NET: Registered PF_BLUETOOTH protocol family
[    0.244897] Bluetooth: HCI device and connection manager initialized
[    0.244994] Bluetooth: HCI socket layer initialized
[    0.245036] Bluetooth: L2CAP socket layer initialized
[    0.245140] Bluetooth: SCO socket layer initialized
[    0.249624] clocksource: Switched to clocksource mxc_timer1
[    0.252111] VFS: Disk quotas dquot_6.6.0
[    0.252237] VFS: Dquot-cache hash table entries: 1024 (order 0, 4096 bytes)
[    0.273406] NET: Registered PF_INET protocol family
[    0.277539] IP idents hash table entries: 8192 (order: 4, 65536 bytes, linear)
[    0.280760] tcp_listen_portaddr_hash hash table entries: 1024 (order: 0, 4096 bytes, linear)
[    0.280887] Table-perturb hash table entries: 65536 (order: 6, 262144 bytes, linear)
[    0.280941] TCP established hash table entries: 4096 (order: 2, 16384 bytes, linear)
[    0.281020] TCP bind hash table entries: 4096 (order: 3, 32768 bytes, linear)
[    0.281127] TCP: Hash tables configured (established 4096 bind 4096)
[    0.282396] UDP hash table entries: 256 (order: 1, 8192 bytes, linear)
[    0.283375] NET: Registered PF_UNIX/PF_LOCAL protocol family
[    0.285912] RPC: Registered named UNIX socket transport module.
[    0.285956] RPC: Registered udp transport module.
[    0.285965] RPC: Registered tcp transport module.
[    0.285973] RPC: Registered tcp-with-tls transport module.
[    0.285982] RPC: Registered tcp NFSv4.1 backchannel transport module.
[    0.295902] Initialise system trusted keyrings
[    0.299273] workingset: timestamp_bits=30 (anon: 26) max_order=17 bucket_order=0 (anon: 0)
[    0.303230] NFS: Registering the id_resolver key type
[    0.303498] Key type id_resolver registered
[    0.303523] Key type id_legacy registered
[    0.303756] nfs4filelayout_init: NFSv4 File Layout Driver Registering...
[    0.303811] nfs4flexfilelayout_init: NFSv4 Flexfile Layout Driver Registering...
[    0.304091] jffs2: version 2.2. (NAND) © 2001-2006 Red Hat, Inc.
[    0.305102] fuse: init (API version 7.45)
[    0.307114] Key type asymmetric registered
[    0.307194] Asymmetric key parser 'x509' registered
[    0.307484] io scheduler mq-deadline registered
[    0.307535] io scheduler kyber registered
[    0.307621] io scheduler bfq registered
[    0.324452] imx-sdma 20ec000.dma-controller: external firmware not found, using ROM firmware
[    0.325762] stmp_reset_block((ptrval)): module reset timeout
[    0.326026] mxs-dma 1804000.dma-controller: probe with driver mxs-dma failed with error -110
[    0.327093] imx_soc_device_init: failed to find fsl,imx6ul-ocotp regmap!
[    0.335349] 2020000.serial: ttymxc0 at MMIO 0x2020000 (irq = 191, base_baud = 5000000) is a IMX
[    0.338202] printk: console [ttymxc0] enabled
[    0.370076] panel-simple panel-dpi: Specify missing bus_format
[    0.370127] panel-simple panel-dpi: Expected bpc in {6,8} but got: 0
[    0.373608] cacheinfo: Unable to detect cache hierarchy for CPU 0
[    0.392113] brd: module loaded
[    0.399213] loop: module loaded
[    0.412418] spi_imx 2010000.spi: error -ENODEV: can't get the TX DMA channel!
[    0.415810] CAN device driver interface
[    0.416680] usbcore: registered new device driver r8152-cfgselector
[    0.416753] usbcore: registered new interface driver r8152
[    0.416804] usbcore: registered new interface driver lan78xx
[    0.416847] usbcore: registered new interface driver asix
[    0.416880] usbcore: registered new interface driver ax88179_178a
[    0.416928] usbcore: registered new interface driver cdc_ether
[    0.416962] usbcore: registered new interface driver smsc95xx
[    0.416996] usbcore: registered new interface driver net1080
[    0.417029] usbcore: registered new interface driver cdc_subset
[    0.417062] usbcore: registered new interface driver zaurus
[    0.417097] usbcore: registered new interface driver MOSCHIP usb-ethernet driver
[    0.417144] usbcore: registered new interface driver cdc_ncm
[    0.417178] usbcore: registered new interface driver r8153_ecm
[    0.417356] usbcore: registered new interface driver usb-storage
[    0.417531] usbcore: registered new device driver onboard-usb-dev
[    0.425592] input: 20cc000.snvs:snvs-powerkey as /devices/platform/soc/2000000.bus/20cc000.snvs/20cc000.snvs:snvs-powerkey/input/input0
[    0.431011] snvs_rtc 20cc000.snvs:snvs-rtc-lp: failed to enable rtc -110
[    0.431050] snvs_rtc 20cc000.snvs:snvs-rtc-lp: probe with driver snvs_rtc failed with error -110
[    0.431343] i2c_dev: i2c /dev entries driver
[    0.437455] Bluetooth: HCI UART driver ver 2.3
[    0.437517] Bluetooth: HCI UART protocol H4 registered
[    0.437570] Bluetooth: HCI UART protocol LL registered
[    0.437630] Bluetooth: HCI UART protocol Broadcom registered
[    0.445064] usbcore: registered new interface driver usbhid
[    0.445092] usbhid: USB HID core driver
[    0.448310] hw perfevents: enabled with armv7_cortex_a7 PMU driver, 5 (8000000f) counters available
[    0.494478] mmc1: SDHCI controller on 2194000.mmc [2194000.mmc] using ADMA
[    0.512437] mmc1: host does not support reading read-only switch, assuming write-enable
[    0.513110] mmc1: new high speed SD card at address 4567
[    0.516320] mmcblk1: mmc1:4567 QEMU! 256 MiB
[    0.670190] i2c i2c-0: <i2c_imx_read> read timedout
[    0.979744] i2c i2c-0: <i2c_imx_write> write timedout
[    0.979899] wm8960 0-001a: Failed to issue reset
[    0.981357] wm8960 0-001a: probe with driver wm8960 failed with error -110
[    1.001197] NET: Registered PF_INET6 protocol family
[    1.011024] Segment Routing with IPv6
[    1.011644] In-situ OAM (IOAM) with IPv6
[    1.012709] NET: Registered PF_PACKET protocol family
[    1.012786] can: controller area network core
[    1.013355] NET: Registered PF_CAN protocol family
[    1.013445] can: raw protocol
[    1.013562] can: broadcast manager protocol
[    1.013660] can: netlink gateway - max_hops=1
[    1.014920] Key type dns_resolver registered
[    1.031793] Loading compiled-in X.509 certificates
[    1.062998] cfg80211: Loading compiled-in X.509 certificates for regulatory database
[    1.076007] Loaded X.509 cert 'sforshee: 00b28ddf47aef9cea7'
[    1.077677] Loaded X.509 cert 'wens: 61c038651aabdcf94bd0ac7ff06c7248db18c600'
[    1.077946] clk: Disabling unused clocks
[    1.081243] PM: genpd: Disabling unused power domains
[    1.081764] ALSA device list:
[    1.081821]   #0: ASRC-M2M
[    1.275523] EXT4-fs (mmcblk1): recovery complete
[    1.279140] EXT4-fs (mmcblk1): mounted filesystem 18f15aaa-2050-498f-b629-db70417b1feb r/w with ordered data mode. Quota mode: none.
[    1.282113] VFS: Mounted root (ext4 filesystem) on device 179:0.
[    1.285525] devtmpfs: mounted
[    1.286935] VFS: Pivoted into new rootfs
[    1.313382] Freeing unused kernel image (initmem) memory: 1024K
[    1.317102] Run /sbin/init as init process
[    1.785929] EXT4-fs (mmcblk1): re-mounted 18f15aaa-2050-498f-b629-db70417b1feb.
Seeding 256 bits and crediting
Saving 256 bits of creditable seed for next boot[    2.333930] random: crng init done

Starting syslogd: OK
Starting klogd: OK
Running sysctl: OK
Starting udevd: OK
[    3.248908] udevd[82]: starting version 3.2.14
[    3.376870] udevd[82]: specified group 'input' unknown
[    3.377777] udevd[82]: specified group 'sgx' unknown
[    3.391385] udevd[82]: specified group 'kvm' unknown
[    3.554284] udevd[82]: starting eudev-3.2.14
Starting network: OK
Starting ifplugd for eth0: OK
Starting crond: OK
Starting dropbear sshd: OK
Starting telnetd: OK

Welcome to Buildroot
buildroot login: [   11.406413] flexcan 2090000.can: registering netdev failed
[   11.411717] flexcan 2090000.can: probe with driver flexcan failed with error -110
[   11.830240] i2c i2c-1: <i2c_imx_write> write timedout
[   11.830421] Goodix-TS 1-005d: Error reading 1 bytes from 0x8140: -110
[   12.170128] i2c i2c-1: <i2c_imx_write> write timedout
[   12.170230] Goodix-TS 1-005d: Error reading 1 bytes from 0x8140: -110
[   12.200229] Goodix-TS 1-005d: I2C communication failure: -110
[   12.200746] Goodix-TS 1-005d: probe with driver Goodix-TS failed with error -110
[   12.204076] sdhci-esdhc-imx 2190000.mmc: Got CD GPIO
[   12.215137] platform 20b4000.ethernet: deferred probe pending: (reason unknown)
[   12.215204] platform 2188000.ethernet: deferred probe pending: (reason unknown)
[   12.215213] platform 20c8000.anatop:tempmon: deferred probe pending: imx_thermal: failed to init from nvmem
[   12.215219] platform sound-wm8960: deferred probe pending: fsl-asoc-card: snd_soc_register_card failed
[   12.249102] mmc0: SDHCI controller on 2190000.mmc [2190000.mmc] using ADMA
qemu-system-arm: terminating on signal 15 from pid 170525 (timeout)
