qemu-system-arm: warning: nic imx.enet.1 has no peer
[    0.000000] Booting Linux on physical CPU 0x0
[    0.000000] Linux version 7.1.0-dirty (charliechen@Charliechen) (arm-none-linux-gnueabihf-gcc (Arm GNU Toolchain 15.2.Rel1 (Build arm-15.86)) 15.2.1 20251203, GNU ld (Arm GNU Toolchain 15.2.Rel1 (Build arm-15.86)) 2.45.1.20251203) #1 Wed Jul  8 17:35:29 CST 2026
[    0.000000] CPU: ARMv7 Processor [410fc075] revision 5 (ARMv7), cr=10c53c7d
[    0.000000] CPU: div instructions available: patching division code
[    0.000000] CPU: PIPT / VIPT nonaliasing data cache, VIPT aliasing instruction cache
[    0.000000] OF: fdt: Machine model: Awesome Embedded Studio IMX6ULL (i.mx NXP)
[    0.000000] Memory policy: Data cache writeback
[    0.000000] Reserved memory: created CMA memory pool at 0x96000000, size 160 MiB
[    0.000000] OF: reserved mem: initialized node linux,cma, compatible id shared-dma-pool
[    0.000000] OF: reserved mem: 0x96000000..0x9fffffff (163840 KiB) map reusable linux,cma
[    0.000000] psci: probing for conduit method from DT.
[    0.000000] psci: PSCIv1.1 detected in firmware.
[    0.000000] psci: Using standard PSCI v0.2 function IDs
[    0.000000] psci: Trusted OS migration not required
[    0.000000] psci: SMC Calling Convention v1.0
[    0.000000] CPU: All CPU(s) started in HYP mode.
[    0.000000] CPU: Virtualization extensions available.
[    0.000000] Zone ranges:
[    0.000000]   Normal   [mem 0x0000000080000000-0x000000009fffffff]
[    0.000000]   HighMem  empty
[    0.000000] Movable zone start for each node
[    0.000000] Early memory node ranges
[    0.000000]   node   0: [mem 0x0000000080000000-0x000000009fffffff]
[    0.000000] Initmem setup node 0 [mem 0x0000000080000000-0x000000009fffffff]
[    0.000000] Kernel command line: console=ttymxc0,115200 root=/dev/mmcblk1 rootwait rw
[    0.000000] printk: log buffer data + meta data: 262144 + 819200 = 1081344 bytes
[    0.000000] Dentry cache hash table entries: 65536 (order: 6, 262144 bytes, linear)
[    0.000000] Inode-cache hash table entries: 32768 (order: 5, 131072 bytes, linear)
[    0.000000] Built 1 zonelists, mobility grouping on.  Total pages: 131072
[    0.000000] mem auto-init: stack:all(zero), heap alloc:off, heap free:off
[    0.000000] SLUB: HWalign=64, Order=0-3, MinObjects=0, CPUs=1, Nodes=1
[    0.000000] NR_IRQS: 16, nr_irqs: 16, preallocated irqs: 16
[    0.000000] GIC: Using split EOI/Deactivate mode
[    0.000000] Switching to timer-based delay loop, resolution 41ns
[    0.000159] sched_clock: 32 bits at 24MHz, resolution 41ns, wraps every 89478484971ns
[    0.000556] clocksource: mxc_timer1: mask: 0xffffffff max_cycles: 0xffffffff, max_idle_ns: 79635851949 ns
[    0.009534] Console: colour dummy device 80x30
[    0.011539] Calibrating delay loop (skipped), value calculated using timer frequency.. 48.00 BogoMIPS (lpj=240000)
[    0.011702] CPU: Testing write buffer coherency: ok
[    0.011966] pid_max: default: 32768 minimum: 301
[    0.019112] Mount-cache hash table entries: 1024 (order: 0, 4096 bytes, linear)
[    0.019196] Mountpoint-cache hash table entries: 1024 (order: 0, 4096 bytes, linear)
[    0.029248] VFS: Finished mounting rootfs on nullfs
[    0.054555] Setting up static identity map for 0x80100000 - 0x80100078
[    0.062499] Memory: 333580K/524288K available (13312K kernel code, 1244K rwdata, 3844K rodata, 1024K init, 379K bss, 26132K reserved, 163840K cma-reserved, 0K highmem)
[    0.071894] devtmpfs: initialized
[    0.091700] VFP support v0.3: implementor 41 architecture 2 part 30 variant 7 rev 5
[    0.113247] clocksource: jiffies: mask: 0xffffffff max_cycles: 0xffffffff, max_idle_ns: 19112604462750000 ns
[    0.114115] posixtimers hash table entries: 512 (order: 0, 2048 bytes, linear)
[    0.114308] futex hash table entries: 256 (4096 bytes on 1 NUMA nodes, total 4 KiB, linear).
[    0.142207] NET: Registered PF_NETLINK/PF_ROUTE protocol family
[    0.155007] DMA: preallocated 256 KiB pool for atomic coherent allocations
[    0.160230] thermal_sys: Registered thermal governor 'step_wise'
[    0.160230] cpuidle: using governor menu
[    0.161059] CPU identified as i.MX6UL, silicon rev 1.0
[    0.177319] /soc/interrupt-controller@a01000: Fixed dependency cycle(s) with /soc/interrupt-controller@a01000
[    0.178178] /soc/bus@2000000/clock-controller@20c4000: Fixed dependency cycle(s) with /soc/bus@2000000/gpc@20dc000
[    0.178399] /soc/bus@2000000/gpc@20dc000: Fixed dependency cycle(s) with /soc/bus@2000000/clock-controller@20c4000
[    0.178824] /soc/bus@2100000/i2c@21a4000/ov5640@3c: Fixed dependency cycle(s) with /soc/bus@2100000/csi@21c4000
[    0.179056] /soc/bus@2100000/csi@21c4000: Fixed dependency cycle(s) with /soc/bus@2100000/i2c@21a4000/ov5640@3c
[    0.188461] /soc/bus@2000000/clock-controller@20c4000: Fixed dependency cycle(s) with /soc/bus@2000000/gpc@20dc000
[    0.188726] /soc/bus@2000000/gpc@20dc000: Fixed dependency cycle(s) with /soc/bus@2000000/clock-controller@20c4000
[    0.196801] /soc/bus@2000000/gpc@20dc000: Fixed dependency cycle(s) with /soc/bus@2000000/clock-controller@20c4000
[    0.198217] /soc/bus@2100000/i2c@21a4000/ov5640@3c: Fixed dependency cycle(s) with /soc/bus@2100000/csi@21c4000
[    0.198325] /soc/bus@2100000/csi@21c4000: Fixed dependency cycle(s) with /soc/bus@2100000/i2c@21a4000/ov5640@3c
[    0.199999] /soc/bus@2100000/i2c@21a4000/ov5640@3c: Fixed dependency cycle(s) with /soc/bus@2100000/csi@21c4000
[    0.200449] /soc/bus@2100000/i2c@21a4000/ov5640@3c: Fixed dependency cycle(s) with /soc/bus@2100000/csi@21c4000
[    0.200597] /soc/bus@2100000/csi@21c4000: Fixed dependency cycle(s) with /soc/bus@2100000/i2c@21a4000/ov5640@3c
[    0.202842] /soc/bus@2100000/lcdif@21c8000: Fixed dependency cycle(s) with /panel-dpi
[    0.203022] /panel-dpi: Fixed dependency cycle(s) with /soc/bus@2100000/lcdif@21c8000
[    0.211430] No ATAGs?
[    0.212216] hw-breakpoint: found 5 (+1 reserved) breakpoint and 4 watchpoint registers.
[    0.212312] hw-breakpoint: maximum watchpoint size is 8 bytes.
[    0.217447] imx6ul-pinctrl 20e0000.pinctrl: initialized IMX pinctrl driver
[    0.220378] imx6ul-pinctrl 2290000.pinctrl: no groups defined in /soc/bus@2200000/pinctrl@2290000
[    0.220473] imx6ul-pinctrl 2290000.pinctrl: initialized IMX pinctrl driver
[    0.225022] kprobes: kprobe jump-optimization is enabled. All kprobes are optimized if possible.
[    0.242268] gpio gpiochip0: Static allocation of GPIO base is deprecated, use dynamic allocation.
[    0.262018] gpio gpiochip1: Static allocation of GPIO base is deprecated, use dynamic allocation.
[    0.265667] gpio gpiochip2: Static allocation of GPIO base is deprecated, use dynamic allocation.
[    0.267756] gpio gpiochip3: Static allocation of GPIO base is deprecated, use dynamic allocation.
[    0.270465] gpio gpiochip4: Static allocation of GPIO base is deprecated, use dynamic allocation.
[    0.276731] SCSI subsystem initialized
[    0.278835] usbcore: registered new interface driver usbfs
[    0.279069] usbcore: registered new interface driver hub
[    0.279195] usbcore: registered new device driver usb
[    0.288046] i2c i2c-0: IMX I2C adapter registered
[    0.290213] /soc/bus@2100000/csi@21c4000: Fixed dependency cycle(s) with /soc/bus@2100000/i2c@21a4000/ov5640@3c
[    0.290400] /soc/bus@2100000/i2c@21a4000/ov5640@3c: Fixed dependency cycle(s) with /soc/bus@2100000/csi@21c4000
[    0.290660] i2c i2c-1: IMX I2C adapter registered
[    0.296000] mc: Linux media interface: v0.10
[    0.296271] videodev: Linux video capture interface: v2.00
[    0.297312] pps_core: LinuxPPS API ver. 1 registered
[    0.297337] pps_core: Software ver. 5.3.6 - Copyright 2005-2007 Rodolfo Giometti <giometti@linux.it>
[    0.297396] PTP clock support registered
[    0.299157] Advanced Linux Sound Architecture Driver Initialized.
[    0.309445] Bluetooth: Core ver 2.22
[    0.309997] NET: Registered PF_BLUETOOTH protocol family
[    0.310042] Bluetooth: HCI device and connection manager initialized
[    0.310247] Bluetooth: HCI socket layer initialized
[    0.310360] Bluetooth: L2CAP socket layer initialized
[    0.310633] Bluetooth: SCO socket layer initialized
[    0.319745] clocksource: Switched to clocksource mxc_timer1
[    0.322002] VFS: Disk quotas dquot_6.6.0
[    0.322131] VFS: Dquot-cache hash table entries: 1024 (order 0, 4096 bytes)
[    0.351358] NET: Registered PF_INET protocol family
[    0.353301] IP idents hash table entries: 8192 (order: 4, 65536 bytes, linear)
[    0.356443] tcp_listen_portaddr_hash hash table entries: 1024 (order: 0, 4096 bytes, linear)
[    0.356650] Table-perturb hash table entries: 65536 (order: 6, 262144 bytes, linear)
[    0.356749] TCP established hash table entries: 4096 (order: 2, 16384 bytes, linear)
[    0.356873] TCP bind hash table entries: 4096 (order: 3, 32768 bytes, linear)
[    0.357135] TCP: Hash tables configured (established 4096 bind 4096)
[    0.358598] UDP hash table entries: 256 (order: 1, 8192 bytes, linear)
[    0.359285] NET: Registered PF_UNIX/PF_LOCAL protocol family
[    0.366075] RPC: Registered named UNIX socket transport module.
[    0.366240] RPC: Registered udp transport module.
[    0.366332] RPC: Registered tcp transport module.
[    0.366392] RPC: Registered tcp-with-tls transport module.
[    0.366418] RPC: Registered tcp NFSv4.1 backchannel transport module.
[    0.378616] Initialise system trusted keyrings
[    0.380459] workingset: timestamp_bits=30 (anon: 26) max_order=17 bucket_order=0 (anon: 0)
[    0.391609] NFS: Registering the id_resolver key type
[    0.392213] Key type id_resolver registered
[    0.392297] Key type id_legacy registered
[    0.392701] nfs4filelayout_init: NFSv4 File Layout Driver Registering...
[    0.392776] nfs4flexfilelayout_init: NFSv4 Flexfile Layout Driver Registering...
[    0.393320] jffs2: version 2.2. (NAND) © 2001-2006 Red Hat, Inc.
[    0.394756] fuse: init (API version 7.45)
[    0.397413] Key type asymmetric registered
[    0.397510] Asymmetric key parser 'x509' registered
[    0.397990] io scheduler mq-deadline registered
[    0.398064] io scheduler kyber registered
[    0.398172] io scheduler bfq registered
[    0.423876] imx-sdma 20ec000.dma-controller: external firmware not found, using ROM firmware
[    0.425518] stmp_reset_block((ptrval)): module reset timeout
[    0.425777] mxs-dma 1804000.dma-controller: probe with driver mxs-dma failed with error -110
[    0.427039] imx_soc_device_init: failed to find fsl,imx6ul-ocotp regmap!
[    0.438839] 2020000.serial: ttymxc0 at MMIO 0x2020000 (irq = 191, base_baud = 5000000) is a IMX
[    0.442178] printk: console [ttymxc0] enabled
[    0.490822] panel-simple panel-dpi: Specify missing bus_format
[    0.490885] panel-simple panel-dpi: Expected bpc in {6,8} but got: 0
[    0.515577] [drm] Initialized mxsfb-drm 1.0.0 for 21c8000.lcdif on minor 0
[    0.558569] mxsfb 21c8000.lcdif: Bridge does not provide bus format, assuming MEDIA_BUS_FMT_RGB888_1X24.
[    0.558569] Please fix bridge driver by handling atomic_get_input_bus_fmts.
[    0.560510] 8<--- cut here ---
[    0.560585] Unhandled fault: external abort on non-linefetch (0x808) at 0xe09c0210
[    0.560676] [e09c0210] *pgd=8201d811, *pte=021c8653, *ppte=021c8453
[    0.561659] Internal error: : 808 [#1] ARM
[    0.564639] Modules linked in:
[    0.565875] CPU: 0 UID: 0 PID: 1 Comm: swapper/0 Not tainted 7.1.0-dirty #1 VOLUNTARY 
[    0.566266] Hardware name: Freescale i.MX6 Ultralite (Device Tree)
[    0.566592] PC is at mxsfb_crtc_atomic_enable+0x55c/0x67c
[    0.567663] LR is at mxsfb_crtc_atomic_enable+0x558/0x67c
[    0.567875] pc : [<c074bbac>]    lr : [<c074bba8>]    psr: 60000013
[    0.568117] sp : e083d9f8  ip : 0000001a  fp : c23b791c
[    0.568303] r10: 00200000  r9 : c23ce200  r8 : 0000100a
[    0.568501] r7 : 00000000  r6 : c23c4300  r5 : 0000008a  r4 : c20b7040
[    0.568719] r3 : e09c0000  r2 : 5d72c0aa  r1 : 00000000  r0 : 00000000
[    0.569017] Flags: nZCv  IRQs on  FIQs on  Mode SVC_32  ISA ARM  Segment none
[    0.569285] Control: 10c53c7d  Table: 80004059  DAC: 00000051
[    0.569285] Register r0 information: NULL pointer
[    0.569285] Register r1 information: NULL pointer
[    0.569285] Register r2 information: non-paged memory
[    0.569502] Register r3 information: 0-page vmalloc region starting at 0xe09c0000 allocated at __devm_ioremap_resource+0x1a8/0x1e8
[    0.570021] Register r4 information: slab kmalloc-4k start c20b7000 pointer offset 64 size 4096
[    0.570592] Register r5 information: non-paged memory
[    0.570762] Register r6 information: slab kmalloc-192 start c23c4300 pointer offset 0 size 192
[    0.571075] Register r7 information: NULL pointer
[    0.571276] Register r8 information: non-paged memory
[    0.571455] Register r9 information: slab kmalloc-512 start c23ce200 pointer offset 0 size 512
[    0.571748] Register r10 information: non-paged memory
[    0.571918] Register r11 information: slab kmalloc-64 start c23b7900 pointer offset 28 size 64
[    0.572243] Register r12 information: non-paged memory
[    0.572474] Process swapper/0 (pid: 1, stack limit = 0x(ptrval))
[    0.572834] Stack: (0xe083d9f8 to 0xe083e000)
[    0.573062] d9e0:                                                       0000000a 00004650
[    0.573291] da00: c21b8800 c2136410 00000000 00000000 c20b77d0 c23b7540 c23acc00 c0e86d5c
[    0.573505] da20: 00000000 c23acc00 c23b791c c0707028 00000027 c23b7ec0 c23b7540 c23acc00
[    0.573852] da40: c0e86848 c23b750c 1ff0c377 c0708dc0 00000000 c23b7540 c0e86848 c070a480
[    0.574127] da60: c23b7540 00000000 c23acc00 c20b7060 00000001 00000000 c23acc00 c070a6c8
[    0.574337] da80: 00000000 00000000 c23b7540 c23acc00 00000001 c06c6804 c23b7540 c10b14c8
[    0.574651] daa0: 00000029 c010bc50 00000000 c2136410 00000000 00000000 00000000 00000000
[    0.574893] dac0: 00000000 c010bc50 00000000 c2136410 00000000 00000000 00000000 00000000
[    0.575117] dae0: 00000000 4779a09e 00000001 c23b7540 c23acd30 c06fe0c0 c2326400 00000000
[    0.575333] db00: 00000001 00000001 c2076900 00000003 00000005 00000000 00000000 00000000
[    0.575545] db20: c21b8818 c20b707c 00000000 4779a09e c20b6159 c23acc00 c2326418 c214b400
[    0.575757] db40: c2326400 00000025 c2389a00 00000080 00000025 c06fe1d8 c2025800 00000000
[    0.575970] db60: c203dc00 c06a82f8 00000004 c23acc00 c2326400 c214b400 c1587e84 00000025
[    0.576587] db80: c2389a00 c06fe328 c2326400 00000080 c214b400 c0714d9c 00000000 00000000
[    0.577112] dba0: 00000000 00000080 c214b400 c0714e00 c2025800 c064daa4 00000000 c203dc94
[    0.577524] dbc0: 00000000 00000000 00000001 c158a6f8 00000000 c2025800 c202592c 00000000
[    0.577895] dbe0: c158a6f8 c158a70c c158a80c 0000003e c2025800 c06a0e7c c0e49ff8 00000001
[    0.578122] dc00: 00000000 c06a2ed4 00000000 c075e47c 00000000 00000001 00000000 ffffffff
[    0.578329] dc20: 00000000 0000003e c0e4a04c 00000000 c14e9238 00000001 c0e49ff8 00000000
[    0.578534] dc40: c158a714 00000000 0000003e 00000001 00000000 c06a3480 c14e9238 c10af374
[    0.578746] dc60: 00000001 00000000 c1403b6c c14e4158 c1587ce4 c1403b6c 00000000 c1587ce4
[    0.579088] dc80: c14e4158 00000006 00000000 c064b6d4 00000001 c1403210 c1403b6c c064edec
[    0.579389] dca0: c1403b6c c214b400 c1403b6c c214b620 00000001 c23acc00 00000006 c0645e1c
[    0.579719] dcc0: 00000000 00000000 00000000 00000400 00000258 00000000 00000000 00000000
[    0.579951] dce0: 00000000 00000000 00000000 00000000 00000000 00000000 00000020 4779a09e
[    0.580168] dd00: c21b88b8 c214b400 00000000 c214b400 c23acc00 c0645ea4 c2326400 c0714a70
[    0.580381] dd20: 00000000 4779a09e c4030000 c02f38f8 c4030000 c23acc00 c214b400 c23acc00
[    0.580604] dd40: 00000000 00000000 00000000 00000400 00000258 00000400 00000258 00000020
[    0.581082] dd60: 00000018 4779a09e c2136410 c23acc00 c2326400 c23acc00 c23acc6c c23acc00
[    0.581367] dd80: c1147b48 00000006 c136e278 c0716038 c23acc00 c23acc00 00000020 c2326400
[    0.581850] dda0: c2326408 c06fceb0 c10b2ad4 c23acc54 00000000 c23acc00 c2326400 00000000
[    0.582349] ddc0: c2136410 c0716148 00000000 c23b7a00 c23acc00 c23acc00 c20b7040 c0715f00
[    0.582750] dde0: 00000000 c074aea8 c10c10f4 c23acc00 00000000 c2136410 00000000 c2326800
[    0.583019] de00: c21b8800 00000000 c21b88b8 4779a09e c14ede50 c2136410 c14ede50 c14ede50
[    0.583443] de20: 00000000 00000000 c1147b48 c0764e34 c2136410 00000000 c14ede50 c0762460
[    0.583677] de40: c2136410 c14ede50 c14ede50 c2136410 00000000 c07626fc 00000006 c0a2ccb8
[    0.583904] de60: c158d24c c158d254 c14ede50 c2136410 00000000 c0762904 c2136410 c14ede50
[    0.584152] de80: c14ede50 c0762b10 c1539000 c0762bac 00000000 c2136458 c2042300 00000000
[    0.584442] dea0: c2042300 c0760234 c2042300 c2042348 c2016cb0 4779a09e c14ede50 c231be00
[    0.584687] dec0: 00000000 c14ede50 c2042300 c0761664 c10c10ec 00000000 c14ede50 c133757c
[    0.584934] dee0: 00000000 c1539000 c1539000 c07639bc c2076900 c133757c c2076900 c01161ac
[    0.585207] df00: 00000000 c11c0928 c210a969 00000000 00000000 00000000 00000000 00000000
[    0.585482] df20: 00000000 00000000 00000000 00000000 00000000 00000000 00000000 00000000
[    0.585720] df40: 00000000 00000000 00000000 4779a09e 00000117 c210a940 c1352854 c1352834
[    0.585924] df60: c1539000 c1147b48 00000006 c1301354 00000006 00000006 00000000 c13004d8
[    0.586156] df80: c2076900 c1403180 c0ddb614 00000000 00000000 00000000 00000000 00000000
[    0.586383] dfa0: 00000000 c0ddb628 00000000 c010016c 00000000 00000000 00000000 00000000
[    0.586629] dfc0: 00000000 00000000 00000000 00000000 00000000 00000000 00000000 00000000
[    0.586867] dfe0: 00000000 00000000 00000000 00000000 00000013 00000000 00000000 00000000
[    0.587210] Call trace: 
[    0.587787]  mxsfb_crtc_atomic_enable from drm_atomic_helper_commit_crtc_enable+0xa8/0xe4
[    0.588263]  drm_atomic_helper_commit_crtc_enable from drm_atomic_helper_commit_tail_rpm+0x5c/0xc4
[    0.588541]  drm_atomic_helper_commit_tail_rpm from commit_tail+0xa0/0x190
[    0.588769]  commit_tail from drm_atomic_helper_commit+0x150/0x194
[    0.588954]  drm_atomic_helper_commit from drm_atomic_commit+0xbc/0xfc
[    0.589187]  drm_atomic_commit from drm_client_modeset_commit_atomic+0x1fc/0x238
[    0.589423]  drm_client_modeset_commit_atomic from drm_client_modeset_commit_locked+0x5c/0x188
[    0.589782]  drm_client_modeset_commit_locked from drm_client_modeset_commit+0x24/0x40
[    0.590017]  drm_client_modeset_commit from __drm_fb_helper_restore_fbdev_mode_unlocked.part.0+0x88/0x90
[    0.590322]  __drm_fb_helper_restore_fbdev_mode_unlocked.part.0 from drm_fb_helper_set_par+0x5c/0x74
[    0.590587]  drm_fb_helper_set_par from fbcon_init+0x500/0x554
[    0.590768]  fbcon_init from visual_init+0xb0/0xf8
[    0.590917]  visual_init from do_bind_con_driver+0x1f4/0x3a8
[    0.591086]  do_bind_con_driver from do_take_over_console+0x188/0x1f4
[    0.591275]  do_take_over_console from do_fbcon_takeover+0x5c/0xb8
[    0.591456]  do_fbcon_takeover from fbcon_fb_registered+0x138/0x1a4
[    0.591640]  fbcon_fb_registered from do_register_framebuffer+0x1a4/0x214
[    0.591838]  do_register_framebuffer from register_framebuffer+0x18/0x30
[    0.592099]  register_framebuffer from __drm_fb_helper_initial_config_and_unlock+0x370/0x5d0
[    0.592349]  __drm_fb_helper_initial_config_and_unlock from drm_fbdev_client_hotplug+0x78/0xcc
[    0.592602]  drm_fbdev_client_hotplug from drm_client_register+0x54/0x90
[    0.592826]  drm_client_register from drm_fbdev_client_setup+0x98/0x1b8
[    0.593043]  drm_fbdev_client_setup from drm_client_setup+0x8c/0xc4
[    0.593246]  drm_client_setup from mxsfb_probe+0x2f4/0x3e0
[    0.593445]  mxsfb_probe from platform_probe+0x58/0x90
[    0.593640]  platform_probe from really_probe+0xc4/0x2d0
[    0.593805]  really_probe from __driver_probe_device+0x90/0x1c8
[    0.594020]  __driver_probe_device from driver_probe_device+0x34/0x118
[    0.594228]  driver_probe_device from __driver_attach+0x9c/0x1a0
[    0.594414]  __driver_attach from bus_for_each_dev+0x7c/0xcc
[    0.594623]  bus_for_each_dev from bus_add_driver+0xc0/0x1e8
[    0.594814]  bus_add_driver from driver_register+0x84/0x138
[    0.594997]  driver_register from do_one_initcall+0x54/0x240
[    0.595201]  do_one_initcall from kernel_init_freeable+0x190/0x244
[    0.595582]  kernel_init_freeable from kernel_init+0x14/0x12c
[    0.595788]  kernel_init from ret_from_fork+0x14/0x28
[    0.596106] Exception stack(0xe083dfb0 to 0xe083dff8)
[    0.596273] dfa0:                                     00000000 00000000 00000000 00000000
[    0.596497] dfc0: 00000000 00000000 00000000 00000000 00000000 00000000 00000000 00000000
[    0.596719] dfe0: 00000000 00000000 00000000 00000000 00000013 00000000
[    0.597068] Code: eaffffbe ee077f9a ebe76760 e5943004 (e5837210) 
[    0.597900] ---[ end trace 0000000000000000 ]---
[    0.598258] note: swapper/0[1] exited with irqs disabled
[    0.600836] Kernel panic - not syncing: Attempted to kill init! exitcode=0x0000000b
[    0.602238] ---[ end Kernel panic - not syncing: Attempted to kill init! exitcode=0x0000000b ]---
qemu-system-arm: terminating on signal 15 from pid 166521 (timeout)
