qemu-system-arm: warning: nic imx.enet.1 has no peer
[    0.000000] Booting Linux on physical CPU 0x0
[    0.000000] Linux version 7.1.0-dirty (charliechen@Charliechen) (arm-none-linux-gnueabihf-gcc (Arm GNU Toolchain 15.2.Rel1 (Build arm-15.86)) 15.2.1 20251203, GNU ld (Arm GNU Toolchain 15.2.Rel1 (Build arm-15.86)) 2.45.1.20251203) #1 Wed Jul  8 17:35:29 CST 2026
[    0.000000] CPU: ARMv7 Processor [410fc075] revision 5 (ARMv7), cr=10c53c7d
[    0.000000] CPU: div instructions available: patching division code
[    0.000000] CPU: PIPT / VIPT nonaliasing data cache, VIPT aliasing instruction cache
[    0.000000] OF: fdt: Machine model: Awesome Embedded Studio IMX6ULL (i.mx NXP)
[    0.000000] Memory policy: Data cache writeback
[    0.000000] Reserved memory: created CMA memory pool at 0x96000000, size 160 MiB
[    0.000000] OF: reserved mem: initialized node linux,cma, compatible id shared-dma-pool
[    0.000000] OF: reserved mem: 0x96000000..0x9fffffff (163840 KiB) map reusable linux,cma
[    0.000000] psci: probing for conduit method from DT.
[    0.000000] psci: PSCIv1.1 detected in firmware.
[    0.000000] psci: Using standard PSCI v0.2 function IDs
[    0.000000] psci: Trusted OS migration not required
[    0.000000] psci: SMC Calling Convention v1.0
[    0.000000] CPU: All CPU(s) started in HYP mode.
[    0.000000] CPU: Virtualization extensions available.
[    0.000000] Zone ranges:
[    0.000000]   Normal   [mem 0x0000000080000000-0x000000009fffffff]
[    0.000000]   HighMem  empty
[    0.000000] Movable zone start for each node
[    0.000000] Early memory node ranges
[    0.000000]   node   0: [mem 0x0000000080000000-0x000000009fffffff]
[    0.000000] Initmem setup node 0 [mem 0x0000000080000000-0x000000009fffffff]
[    0.000000] Kernel command line: console=ttymxc0,115200 root=/dev/mmcblk1 rootwait rw
[    0.000000] printk: log buffer data + meta data: 262144 + 819200 = 1081344 bytes
[    0.000000] Dentry cache hash table entries: 65536 (order: 6, 262144 bytes, linear)
[    0.000000] Inode-cache hash table entries: 32768 (order: 5, 131072 bytes, linear)
[    0.000000] Built 1 zonelists, mobility grouping on.  Total pages: 131072
[    0.000000] mem auto-init: stack:all(zero), heap alloc:off, heap free:off
[    0.000000] SLUB: HWalign=64, Order=0-3, MinObjects=0, CPUs=1, Nodes=1
[    0.000000] NR_IRQS: 16, nr_irqs: 16, preallocated irqs: 16
[    0.000000] GIC: Using split EOI/Deactivate mode
[    0.000000] Switching to timer-based delay loop, resolution 41ns
[    0.000185] sched_clock: 32 bits at 24MHz, resolution 41ns, wraps every 89478484971ns
[    0.000566] clocksource: mxc_timer1: mask: 0xffffffff max_cycles: 0xffffffff, max_idle_ns: 79635851949 ns
[    0.009631] Console: colour dummy device 80x30
[    0.010997] Calibrating delay loop (skipped), value calculated using timer frequency.. 48.00 BogoMIPS (lpj=240000)
[    0.011197] CPU: Testing write buffer coherency: ok
[    0.011966] pid_max: default: 32768 minimum: 301
[    0.018718] Mount-cache hash table entries: 1024 (order: 0, 4096 bytes, linear)
[    0.018805] Mountpoint-cache hash table entries: 1024 (order: 0, 4096 bytes, linear)
[    0.030097] VFS: Finished mounting rootfs on nullfs
[    0.052652] Setting up static identity map for 0x80100000 - 0x80100078
[    0.062203] Memory: 333580K/524288K available (13312K kernel code, 1244K rwdata, 3844K rodata, 1024K init, 379K bss, 26132K reserved, 163840K cma-reserved, 0K highmem)
[    0.070105] devtmpfs: initialized
[    0.089554] VFP support v0.3: implementor 41 architecture 2 part 30 variant 7 rev 5
[    0.110414] clocksource: jiffies: mask: 0xffffffff max_cycles: 0xffffffff, max_idle_ns: 19112604462750000 ns
[    0.111170] posixtimers hash table entries: 512 (order: 0, 2048 bytes, linear)
[    0.111355] futex hash table entries: 256 (4096 bytes on 1 NUMA nodes, total 4 KiB, linear).
[    0.134046] NET: Registered PF_NETLINK/PF_ROUTE protocol family
[    0.148021] DMA: preallocated 256 KiB pool for atomic coherent allocations
[    0.151932] thermal_sys: Registered thermal governor 'step_wise'
[    0.151932] cpuidle: using governor menu
[    0.152442] CPU identified as i.MX6UL, silicon rev 1.0
[    0.165571] /soc/interrupt-controller@a01000: Fixed dependency cycle(s) with /soc/interrupt-controller@a01000
[    0.166354] /soc/bus@2000000/clock-controller@20c4000: Fixed dependency cycle(s) with /soc/bus@2000000/gpc@20dc000
[    0.166548] /soc/bus@2000000/gpc@20dc000: Fixed dependency cycle(s) with /soc/bus@2000000/clock-controller@20c4000
[    0.166918] /soc/bus@2100000/i2c@21a4000/ov5640@3c: Fixed dependency cycle(s) with /soc/bus@2100000/csi@21c4000
[    0.167167] /soc/bus@2100000/csi@21c4000: Fixed dependency cycle(s) with /soc/bus@2100000/i2c@21a4000/ov5640@3c
[    0.175594] /soc/bus@2000000/clock-controller@20c4000: Fixed dependency cycle(s) with /soc/bus@2000000/gpc@20dc000
[    0.175830] /soc/bus@2000000/gpc@20dc000: Fixed dependency cycle(s) with /soc/bus@2000000/clock-controller@20c4000
[    0.185189] /soc/bus@2000000/gpc@20dc000: Fixed dependency cycle(s) with /soc/bus@2000000/clock-controller@20c4000
[    0.188183] /soc/bus@2100000/i2c@21a4000/ov5640@3c: Fixed dependency cycle(s) with /soc/bus@2100000/csi@21c4000
[    0.188306] /soc/bus@2100000/csi@21c4000: Fixed dependency cycle(s) with /soc/bus@2100000/i2c@21a4000/ov5640@3c
[    0.190664] /soc/bus@2100000/i2c@21a4000/ov5640@3c: Fixed dependency cycle(s) with /soc/bus@2100000/csi@21c4000
[    0.191405] /soc/bus@2100000/i2c@21a4000/ov5640@3c: Fixed dependency cycle(s) with /soc/bus@2100000/csi@21c4000
[    0.191669] /soc/bus@2100000/csi@21c4000: Fixed dependency cycle(s) with /soc/bus@2100000/i2c@21a4000/ov5640@3c
[    0.201075] No ATAGs?
[    0.201739] hw-breakpoint: found 5 (+1 reserved) breakpoint and 4 watchpoint registers.
[    0.201806] hw-breakpoint: maximum watchpoint size is 8 bytes.
[    0.206364] imx6ul-pinctrl 20e0000.pinctrl: initialized IMX pinctrl driver
[    0.209672] imx6ul-pinctrl 2290000.pinctrl: no groups defined in /soc/bus@2200000/pinctrl@2290000
[    0.209793] imx6ul-pinctrl 2290000.pinctrl: initialized IMX pinctrl driver
[    0.213261] kprobes: kprobe jump-optimization is enabled. All kprobes are optimized if possible.
[    0.231302] gpio gpiochip0: Static allocation of GPIO base is deprecated, use dynamic allocation.
[    0.248489] gpio gpiochip1: Static allocation of GPIO base is deprecated, use dynamic allocation.
[    0.254612] gpio gpiochip2: Static allocation of GPIO base is deprecated, use dynamic allocation.
[    0.260293] gpio gpiochip3: Static allocation of GPIO base is deprecated, use dynamic allocation.
[    0.263740] gpio gpiochip4: Static allocation of GPIO base is deprecated, use dynamic allocation.
[    0.273570] SCSI subsystem initialized
[    0.277458] usbcore: registered new interface driver usbfs
[    0.277890] usbcore: registered new interface driver hub
[    0.278103] usbcore: registered new device driver usb
[    0.288519] i2c i2c-0: IMX I2C adapter registered
[    0.291225] /soc/bus@2100000/csi@21c4000: Fixed dependency cycle(s) with /soc/bus@2100000/i2c@21a4000/ov5640@3c
[    0.291426] /soc/bus@2100000/i2c@21a4000/ov5640@3c: Fixed dependency cycle(s) with /soc/bus@2100000/csi@21c4000
[    0.291671] i2c i2c-1: IMX I2C adapter registered
[    0.295388] mc: Linux media interface: v0.10
[    0.295625] videodev: Linux video capture interface: v2.00
[    0.296035] pps_core: LinuxPPS API ver. 1 registered
[    0.296035] pps_core: Software ver. 5.3.6 - Copyright 2005-2007 Rodolfo Giometti <giometti@linux.it>
[    0.296035] PTP clock support registered
[    0.300324] Advanced Linux Sound Architecture Driver Initialized.
[    0.309394] Bluetooth: Core ver 2.22
[    0.310068] NET: Registered PF_BLUETOOTH protocol family
[    0.310109] Bluetooth: HCI device and connection manager initialized
[    0.310525] Bluetooth: HCI socket layer initialized
[    0.310686] Bluetooth: L2CAP socket layer initialized
[    0.310946] Bluetooth: SCO socket layer initialized
[    0.318465] clocksource: Switched to clocksource mxc_timer1
[    0.320171] VFS: Disk quotas dquot_6.6.0
[    0.320276] VFS: Dquot-cache hash table entries: 1024 (order 0, 4096 bytes)
[    0.344934] NET: Registered PF_INET protocol family
[    0.346563] IP idents hash table entries: 8192 (order: 4, 65536 bytes, linear)
[    0.349385] tcp_listen_portaddr_hash hash table entries: 1024 (order: 0, 4096 bytes, linear)
[    0.349542] Table-perturb hash table entries: 65536 (order: 6, 262144 bytes, linear)
[    0.349630] TCP established hash table entries: 4096 (order: 2, 16384 bytes, linear)
[    0.349771] TCP bind hash table entries: 4096 (order: 3, 32768 bytes, linear)
[    0.349982] TCP: Hash tables configured (established 4096 bind 4096)
[    0.351513] UDP hash table entries: 256 (order: 1, 8192 bytes, linear)
[    0.352746] NET: Registered PF_UNIX/PF_LOCAL protocol family
[    0.357673] RPC: Registered named UNIX socket transport module.
[    0.357816] RPC: Registered udp transport module.
[    0.357841] RPC: Registered tcp transport module.
[    0.357851] RPC: Registered tcp-with-tls transport module.
[    0.357872] RPC: Registered tcp NFSv4.1 backchannel transport module.
[    0.369273] Initialise system trusted keyrings
[    0.370983] workingset: timestamp_bits=30 (anon: 26) max_order=17 bucket_order=0 (anon: 0)
[    0.376606] NFS: Registering the id_resolver key type
[    0.377210] Key type id_resolver registered
[    0.377270] Key type id_legacy registered
[    0.378135] nfs4filelayout_init: NFSv4 File Layout Driver Registering...
[    0.378135] nfs4flexfilelayout_init: NFSv4 Flexfile Layout Driver Registering...
[    0.379285] jffs2: version 2.2. (NAND) © 2001-2006 Red Hat, Inc.
[    0.381192] fuse: init (API version 7.45)
[    0.385885] Key type asymmetric registered
[    0.385996] Asymmetric key parser 'x509' registered
[    0.386379] io scheduler mq-deadline registered
[    0.386451] io scheduler kyber registered
[    0.386634] io scheduler bfq registered
[    0.414520] imx-sdma 20ec000.dma-controller: external firmware not found, using ROM firmware
[    0.416478] stmp_reset_block((ptrval)): module reset timeout
[    0.417753] mxs-dma 1804000.dma-controller: probe with driver mxs-dma failed with error -110
[    0.420856] imx_soc_device_init: failed to find fsl,imx6ul-ocotp regmap!
[    0.439601] 2020000.serial: ttymxc0 at MMIO 0x2020000 (irq = 191, base_baud = 5000000) is a IMX
[    0.446451] printk: console [ttymxc0] enabled
[    0.508136] panel-simple panel-dpi: Specify missing bus_format
[    0.508136] panel-simple panel-dpi: Expected bpc in {6,8} but got: 0
[    0.517553] cacheinfo: Unable to detect cache hierarchy for CPU 0
[    0.546507] brd: module loaded
[    0.563345] loop: module loaded
[    0.585208] spi_imx 2010000.spi: error -ENODEV: can't get the TX DMA channel!
[    0.593039] CAN device driver interface
[    0.596373] usbcore: registered new device driver r8152-cfgselector
[    0.596688] usbcore: registered new interface driver r8152
[    0.597121] usbcore: registered new interface driver lan78xx
[    0.597261] usbcore: registered new interface driver asix
[    0.597358] usbcore: registered new interface driver ax88179_178a
[    0.597479] usbcore: registered new interface driver cdc_ether
[    0.597595] usbcore: registered new interface driver smsc95xx
[    0.597706] usbcore: registered new interface driver net1080
[    0.597799] usbcore: registered new interface driver cdc_subset
[    0.597897] usbcore: registered new interface driver zaurus
[    0.598016] usbcore: registered new interface driver MOSCHIP usb-ethernet driver
[    0.598090] usbcore: registered new interface driver cdc_ncm
[    0.598136] usbcore: registered new interface driver r8153_ecm
[    0.598136] usbcore: registered new interface driver usb-storage
[    0.598136] usbcore: registered new device driver onboard-usb-dev
[    0.605828] imx_usb 2184000.usb: No over current polarity defined
[    0.619141] input: 20cc000.snvs:snvs-powerkey as /devices/platform/soc/2000000.bus/20cc000.snvs/20cc000.snvs:snvs-powerkey/input/input0
[    0.623934] imx6ul-tsc 2040000.touchscreen: failed to request GPIO tsc_X- (xnur): -2
[    0.624041] imx6ul-tsc 2040000.touchscreen: probe with driver imx6ul-tsc failed with error -2
[    0.628644] snvs_rtc 20cc000.snvs:snvs-rtc-lp: failed to enable rtc -110
[    0.628734] snvs_rtc 20cc000.snvs:snvs-rtc-lp: probe with driver snvs_rtc failed with error -110
[    0.631432] i2c_dev: i2c /dev entries driver
[    0.643199] Bluetooth: HCI UART driver ver 2.3
[    0.643423] Bluetooth: HCI UART protocol H4 registered
[    0.643551] Bluetooth: HCI UART protocol LL registered
[    0.643684] Bluetooth: HCI UART protocol Broadcom registered
[    0.653551] usbcore: registered new interface driver usbhid
[    0.653611] usbhid: USB HID core driver
[    0.670800] hw perfevents: enabled with armv7_cortex_a7 PMU driver, 5 (8000000f) counters available
[    0.672667] 8<--- cut here ---
[    0.672718] Unhandled fault: external abort on non-linefetch (0x008) at 0xe0a84000
[    0.672767] [e0a84000] *pgd=823e4811, *pte=021bc653, *ppte=021bc453
[    0.673506] Internal error: : 8 [#1] ARM
[    0.676298] Modules linked in:
[    0.676885] CPU: 0 UID: 0 PID: 1 Comm: swapper/0 Not tainted 7.1.0-dirty #1 VOLUNTARY 
[    0.677113] Hardware name: Freescale i.MX6 Ultralite (Device Tree)
[    0.677318] PC is at imx_ocotp_probe+0xb8/0x144
[    0.678110] LR is at clk_enable+0x34/0x44
[    0.678136] pc : [<c0a5abb0>]    lr : [<c0657014>]    psr: 60000013
[    0.678136] sp : e083de18  ip : 0000000c  fp : c136e7a0
[    0.678136] r10: 00000006  r9 : c1147b48  r8 : 00000000
[    0.678136] r7 : 00000000  r6 : e0a84000  r5 : c2137010  r4 : c24d7b40
[    0.678136] r3 : 00000200  r2 : c2076900  r1 : 00000000  r0 : 00000000
[    0.678508] Flags: nZCv  IRQs on  FIQs on  Mode SVC_32  ISA ARM  Segment none
[    0.678825] Control: 10c53c7d  Table: 80004059  DAC: 00000051
[    0.679452] Register r0 information: NULL pointer
[    0.680662] Register r1 information: NULL pointer
[    0.680895] Register r2 information: slab task_struct start c2076900 pointer offset 0 size 2240
[    0.681941] Register r3 information: non-paged memory
[    0.682112] Register r4 information: slab kmalloc-128 start c24d7b00 pointer offset 64 size 128
[    0.682434] Register r5 information: slab kmalloc-1k start c2137000 pointer offset 16 size 1024
[    0.682734] Register r6 information: 0-page vmalloc region starting at 0xe0a84000 allocated at __devm_ioremap_resource+0x1a8/0x1e8
[    0.683185] Register r7 information: NULL pointer
[    0.683337] Register r8 information: NULL pointer
[    0.683484] Register r9 information: non-slab/vmalloc memory
[    0.683691] Register r10 information: non-paged memory
[    0.683846] Register r11 information: non-slab/vmalloc memory
[    0.684020] Register r12 information: non-paged memory
[    0.684199] Process swapper/0 (pid: 1, stack limit = 0x(ptrval))
[    0.684602] Stack: (0xe083de18 to 0xe083e000)
[    0.684868] de00:                                                       00000018 c076f8b8
[    0.685153] de20: c2137010 c1526ec0 c1526ec0 c0764e34 c2137010 00000000 c1526ec0 c0762460
[    0.685469] de40: c2137010 c1526ec0 c1526ec0 c2137010 00000000 c07626fc 00000006 c0a2ccb8
[    0.685718] de60: c158d24c c158d254 c1526ec0 c2137010 00000000 c0762904 c2137010 c1526ec0
[    0.685976] de80: c1526ec0 c0762b10 c1539000 c0762bac 00000000 c2137058 c2042300 00000000
[    0.686498] dea0: c2042300 c0760234 c2042300 c2042348 c2016e30 0313ae03 c1526ec0 c24d7b80
[    0.686738] dec0: 00000000 c1526ec0 c2042300 c0761664 c1123390 00000000 c1526ec0 c13412fc
[    0.686980] dee0: 00000000 c1539000 c1539000 c07639bc c2076900 c13412fc c2076900 c01161ac
[    0.687230] df00: 00000000 c11c0928 c210a8e9 00000000 00000000 00000000 00000000 00000000
[    0.687468] df20: 00000000 00000000 00000000 00000000 00000000 00000000 00000000 00000000
[    0.687695] df40: 00000000 00000000 00000000 0313ae03 00000117 c210a8c0 c1352854 c1352834
[    0.687933] df60: c1539000 c1147b48 00000006 c1301354 00000006 00000006 00000000 c13004d8
[    0.688193] df80: c2076900 c1403180 c0ddb614 00000000 00000000 00000000 00000000 00000000
[    0.688563] dfa0: 00000000 c0ddb628 00000000 c010016c 00000000 00000000 00000000 00000000
[    0.688838] dfc0: 00000000 00000000 00000000 00000000 00000000 00000000 00000000 00000000
[    0.689079] dfe0: 00000000 00000000 00000000 00000000 00000013 00000000 00000000 00000000
[    0.689382] Call trace: 
[    0.689842]  imx_ocotp_probe from platform_probe+0x58/0x90
[    0.690171]  platform_probe from really_probe+0xc4/0x2d0
[    0.690346]  really_probe from __driver_probe_device+0x90/0x1c8
[    0.690529]  __driver_probe_device from driver_probe_device+0x34/0x118
[    0.690727]  driver_probe_device from __driver_attach+0x9c/0x1a0
[    0.691126]  __driver_attach from bus_for_each_dev+0x7c/0xcc
[    0.691329]  bus_for_each_dev from bus_add_driver+0xc0/0x1e8
[    0.691525]  bus_add_driver from driver_register+0x84/0x138
[    0.691755]  driver_register from do_one_initcall+0x54/0x240
[    0.692124]  do_one_initcall from kernel_init_freeable+0x190/0x244
[    0.692552]  kernel_init_freeable from kernel_init+0x14/0x12c
[    0.692875]  kernel_init from ret_from_fork+0x14/0x28
[    0.693116] Exception stack(0xe083dfb0 to 0xe083dff8)
[    0.693290] dfa0:                                     00000000 00000000 00000000 00000000
[    0.693532] dfc0: 00000000 00000000 00000000 00000000 00000000 00000000 00000000 00000000
[    0.693763] dfe0: 00000000 00000000 00000000 00000000 00000013 00000000
[    0.694074] Code: 0a000019 e594300c e5946008 e5933014 (e5961000) 
[    0.694606] ---[ end trace 0000000000000000 ]---
[    0.694917] note: swapper/0[1] exited with irqs disabled
[    0.711025] Kernel panic - not syncing: Attempted to kill init! exitcode=0x0000000b
[    0.711980] ---[ end Kernel panic - not syncing: Attempted to kill init! exitcode=0x0000000b ]---
qemu-system-arm: terminating on signal 15 from pid 168849 (timeout)
