qemu-system-arm: warning: nic imx.enet.1 has no peer
[    0.000000] Booting Linux on physical CPU 0x0
[    0.000000] Linux version 7.1.0-dirty (charliechen@Charliechen) (arm-none-linux-gnueabihf-gcc (Arm GNU Toolchain 15.2.Rel1 (Build arm-15.86)) 15.2.1 20251203, GNU ld (Arm GNU Toolchain 15.2.Rel1 (Build arm-15.86)) 2.45.1.20251203) #1 Wed Jul  8 17:35:29 CST 2026
[    0.000000] CPU: ARMv7 Processor [410fc075] revision 5 (ARMv7), cr=10c53c7d
[    0.000000] CPU: div instructions available: patching division code
[    0.000000] CPU: PIPT / VIPT nonaliasing data cache, VIPT aliasing instruction cache
[    0.000000] OF: fdt: Machine model: Awesome Embedded Studio IMX6ULL (QEMU mcimx6ul-evk)
[    0.000000] Memory policy: Data cache writeback
[    0.000000] Reserved memory: created CMA memory pool at 0x96000000, size 160 MiB
[    0.000000] OF: reserved mem: initialized node linux,cma, compatible id shared-dma-pool
[    0.000000] OF: reserved mem: 0x96000000..0x9fffffff (163840 KiB) map reusable linux,cma
[    0.000000] psci: probing for conduit method from DT.
[    0.000000] psci: PSCIv1.1 detected in firmware.
[    0.000000] psci: Using standard PSCI v0.2 function IDs
[    0.000000] psci: Trusted OS migration not required
[    0.000000] psci: SMC Calling Convention v1.0
[    0.000000] CPU: All CPU(s) started in HYP mode.
[    0.000000] CPU: Virtualization extensions available.
[    0.000000] Zone ranges:
[    0.000000]   Normal   [mem 0x0000000080000000-0x000000009fffffff]
[    0.000000]   HighMem  empty
[    0.000000] Movable zone start for each node
[    0.000000] Early memory node ranges
[    0.000000]   node   0: [mem 0x0000000080000000-0x000000009fffffff]
[    0.000000] Initmem setup node 0 [mem 0x0000000080000000-0x000000009fffffff]
[    0.000000] Kernel command line: console=ttymxc0,115200 root=/dev/mmcblk1 rootwait rw
[    0.000000] printk: log buffer data + meta data: 262144 + 819200 = 1081344 bytes
[    0.000000] Dentry cache hash table entries: 65536 (order: 6, 262144 bytes, linear)
[    0.000000] Inode-cache hash table entries: 32768 (order: 5, 131072 bytes, linear)
[    0.000000] Built 1 zonelists, mobility grouping on.  Total pages: 131072
[    0.000000] mem auto-init: stack:all(zero), heap alloc:off, heap free:off
[    0.000000] SLUB: HWalign=64, Order=0-3, MinObjects=0, CPUs=1, Nodes=1
[    0.000000] NR_IRQS: 16, nr_irqs: 16, preallocated irqs: 16
[    0.000000] GIC: Using split EOI/Deactivate mode
[    0.000000] Switching to timer-based delay loop, resolution 41ns
[    0.000088] sched_clock: 32 bits at 24MHz, resolution 41ns, wraps every 89478484971ns
[    0.000395] clocksource: mxc_timer1: mask: 0xffffffff max_cycles: 0xffffffff, max_idle_ns: 79635851949 ns
[    0.004946] Console: colour dummy device 80x30
[    0.005704] Calibrating delay loop (skipped), value calculated using timer frequency.. 48.00 BogoMIPS (lpj=240000)
[    0.005764] CPU: Testing write buffer coherency: ok
[    0.006161] pid_max: default: 32768 minimum: 301
[    0.007775] Mount-cache hash table entries: 1024 (order: 0, 4096 bytes, linear)
[    0.007800] Mountpoint-cache hash table entries: 1024 (order: 0, 4096 bytes, linear)
[    0.012648] VFS: Finished mounting rootfs on nullfs
[    0.024894] Setting up static identity map for 0x80100000 - 0x80100078
[    0.028721] Memory: 333548K/524288K available (13312K kernel code, 1244K rwdata, 3844K rodata, 1024K init, 379K bss, 26164K reserved, 163840K cma-reserved, 0K highmem)
[    0.032361] devtmpfs: initialized
[    0.041481] VFP support v0.3: implementor 41 architecture 2 part 30 variant 7 rev 5
[    0.050762] clocksource: jiffies: mask: 0xffffffff max_cycles: 0xffffffff, max_idle_ns: 19112604462750000 ns
[    0.051285] posixtimers hash table entries: 512 (order: 0, 2048 bytes, linear)
[    0.051406] futex hash table entries: 256 (4096 bytes on 1 NUMA nodes, total 4 KiB, linear).
[    0.064951] NET: Registered PF_NETLINK/PF_ROUTE protocol family
[    0.072277] DMA: preallocated 256 KiB pool for atomic coherent allocations
[    0.075429] thermal_sys: Registered thermal governor 'step_wise'
[    0.075572] cpuidle: using governor menu
[    0.075758] CPU identified as i.MX6UL, silicon rev 1.0
[    0.085934] /soc/interrupt-controller@a01000: Fixed dependency cycle(s) with /soc/interrupt-controller@a01000
[    0.086410] /soc/bus@2000000/clock-controller@20c4000: Fixed dependency cycle(s) with /soc/bus@2000000/gpc@20dc000
[    0.086513] /soc/bus@2000000/gpc@20dc000: Fixed dependency cycle(s) with /soc/bus@2000000/clock-controller@20c4000
[    0.091362] /soc/bus@2000000/clock-controller@20c4000: Fixed dependency cycle(s) with /soc/bus@2000000/gpc@20dc000
[    0.091489] /soc/bus@2000000/gpc@20dc000: Fixed dependency cycle(s) with /soc/bus@2000000/clock-controller@20c4000
[    0.096370] /soc/bus@2000000/gpc@20dc000: Fixed dependency cycle(s) with /soc/bus@2000000/clock-controller@20c4000
[    0.100834] /soc/bus@2100000/lcdif@21c8000: Fixed dependency cycle(s) with /panel-dpi
[    0.101045] /panel-dpi: Fixed dependency cycle(s) with /soc/bus@2100000/lcdif@21c8000
[    0.105067] No ATAGs?
[    0.105067] hw-breakpoint: found 5 (+1 reserved) breakpoint and 4 watchpoint registers.
[    0.105067] hw-breakpoint: maximum watchpoint size is 8 bytes.
[    0.108195] imx6ul-pinctrl 20e0000.pinctrl: initialized IMX pinctrl driver
[    0.110002] imx6ul-pinctrl 2290000.pinctrl: no groups defined in /soc/bus@2200000/pinctrl@2290000
[    0.110052] imx6ul-pinctrl 2290000.pinctrl: initialized IMX pinctrl driver
[    0.113975] kprobes: kprobe jump-optimization is enabled. All kprobes are optimized if possible.
[    0.124635] gpio gpiochip0: Static allocation of GPIO base is deprecated, use dynamic allocation.
[    0.134642] gpio gpiochip1: Static allocation of GPIO base is deprecated, use dynamic allocation.
[    0.137439] gpio gpiochip2: Static allocation of GPIO base is deprecated, use dynamic allocation.
[    0.139629] gpio gpiochip3: Static allocation of GPIO base is deprecated, use dynamic allocation.
[    0.143181] gpio gpiochip4: Static allocation of GPIO base is deprecated, use dynamic allocation.
[    0.147420] SCSI subsystem initialized
[    0.148980] usbcore: registered new interface driver usbfs
[    0.149168] usbcore: registered new interface driver hub
[    0.149268] usbcore: registered new device driver usb
[    0.154816] i2c i2c-0: IMX I2C adapter registered
[    0.155877] i2c i2c-1: IMX I2C adapter registered
[    0.158544] mc: Linux media interface: v0.10
[    0.158695] videodev: Linux video capture interface: v2.00
[    0.158960] pps_core: LinuxPPS API ver. 1 registered
[    0.158975] pps_core: Software ver. 5.3.6 - Copyright 2005-2007 Rodolfo Giometti <giometti@linux.it>
[    0.159005] PTP clock support registered
[    0.159611] Advanced Linux Sound Architecture Driver Initialized.
[    0.165307] Bluetooth: Core ver 2.22
[    0.165424] NET: Registered PF_BLUETOOTH protocol family
[    0.165439] Bluetooth: HCI device and connection manager initialized
[    0.165526] Bluetooth: HCI socket layer initialized
[    0.165560] Bluetooth: L2CAP socket layer initialized
[    0.165691] Bluetooth: SCO socket layer initialized
[    0.169575] clocksource: Switched to clocksource mxc_timer1
[    0.170378] VFS: Disk quotas dquot_6.6.0
[    0.170436] VFS: Dquot-cache hash table entries: 1024 (order 0, 4096 bytes)
[    0.183008] NET: Registered PF_INET protocol family
[    0.183868] IP idents hash table entries: 8192 (order: 4, 65536 bytes, linear)
[    0.185433] tcp_listen_portaddr_hash hash table entries: 1024 (order: 0, 4096 bytes, linear)
[    0.185494] Table-perturb hash table entries: 65536 (order: 6, 262144 bytes, linear)
[    0.185571] TCP established hash table entries: 4096 (order: 2, 16384 bytes, linear)
[    0.185636] TCP bind hash table entries: 4096 (order: 3, 32768 bytes, linear)
[    0.185725] TCP: Hash tables configured (established 4096 bind 4096)
[    0.186479] UDP hash table entries: 256 (order: 1, 8192 bytes, linear)
[    0.187172] NET: Registered PF_UNIX/PF_LOCAL protocol family
[    0.189165] RPC: Registered named UNIX socket transport module.
[    0.189202] RPC: Registered udp transport module.
[    0.189208] RPC: Registered tcp transport module.
[    0.189213] RPC: Registered tcp-with-tls transport module.
[    0.189217] RPC: Registered tcp NFSv4.1 backchannel transport module.
[    0.194860] Initialise system trusted keyrings
[    0.195828] workingset: timestamp_bits=30 (anon: 26) max_order=17 bucket_order=0 (anon: 0)
[    0.198404] NFS: Registering the id_resolver key type
[    0.198672] Key type id_resolver registered
[    0.198715] Key type id_legacy registered
[    0.198892] nfs4filelayout_init: NFSv4 File Layout Driver Registering...
[    0.198933] nfs4flexfilelayout_init: NFSv4 Flexfile Layout Driver Registering...
[    0.199130] jffs2: version 2.2. (NAND) © 2001-2006 Red Hat, Inc.
[    0.199378] fuse: init (API version 7.45)
[    0.200442] Key type asymmetric registered
[    0.200488] Asymmetric key parser 'x509' registered
[    0.200688] io scheduler mq-deadline registered
[    0.200726] io scheduler kyber registered
[    0.200792] io scheduler bfq registered
[    0.213203] pwm-imx27 2080000.pwm: software reset timeout
[    0.220717] pwm-imx27 2080000.pwm: software reset timeout
[    0.226701] imx-sdma 20ec000.dma-controller: external firmware not found, using ROM firmware
[    0.227590] stmp_reset_block((ptrval)): module reset timeout
[    0.227765] mxs-dma 1804000.dma-controller: probe with driver mxs-dma failed with error -110
[    0.228549] imx_soc_device_init: failed to find fsl,imx6ul-ocotp regmap!
[    0.234668] 2020000.serial: ttymxc0 at MMIO 0x2020000 (irq = 191, base_baud = 5000000) is a IMX
[    0.236801] printk: console [ttymxc0] enabled
[    0.262244] panel-simple panel-dpi: Specify missing bus_format
[    0.262288] panel-simple panel-dpi: Expected bpc in {6,8} but got: 0
[    0.273236] [drm] Initialized mxsfb-drm 1.0.0 for 21c8000.lcdif on minor 0
[    0.287711] mxsfb 21c8000.lcdif: Bridge does not provide bus format, assuming MEDIA_BUS_FMT_RGB888_1X24.
[    0.287711] Please fix bridge driver by handling atomic_get_input_bus_fmts.
[    0.329895] Console: switching to colour frame buffer device 128x37
[    0.347479] mxsfb 21c8000.lcdif: [drm] fb0: mxsfb-drmdrmfb frame buffer device
[    0.349378] cacheinfo: Unable to detect cache hierarchy for CPU 0
[    0.362330] brd: module loaded
[    0.368937] loop: module loaded
[imx.spi]imx_spi_read: reg[ECSPI_STATREG] => 0x3
[imx.spi]imx_spi_write: reg[ECSPI_INTREG] <= 0x0
[    1.449964] spi-nor spi4.0: probe with driver spi-nor failed with error -110
[    1.458749] spi_imx 2010000.spi: error -ENODEV: can't get the TX DMA channel!
[    1.462836] CAN device driver interface
[    1.463936] usbcore: registered new device driver r8152-cfgselector
[    1.464065] usbcore: registered new interface driver r8152
[    1.464158] usbcore: registered new interface driver lan78xx
[    1.464197] usbcore: registered new interface driver asix
[    1.464232] usbcore: registered new interface driver ax88179_178a
[    1.464267] usbcore: registered new interface driver cdc_ether
[    1.464327] usbcore: registered new interface driver smsc95xx
[    1.464362] usbcore: registered new interface driver net1080
[    1.464397] usbcore: registered new interface driver cdc_subset
[    1.464432] usbcore: registered new interface driver zaurus
[    1.464468] usbcore: registered new interface driver MOSCHIP usb-ethernet driver
[    1.464508] usbcore: registered new interface driver cdc_ncm
[    1.464544] usbcore: registered new interface driver r8153_ecm
[    1.464656] usbcore: registered new interface driver usb-storage
[    1.464844] usbcore: registered new device driver onboard-usb-dev
[    1.466989] imx_usb 2184000.usb: No over current polarity defined
[    1.474111] input: 20cc000.snvs:snvs-powerkey as /devices/platform/soc/2000000.bus/20cc000.snvs/20cc000.snvs:snvs-powerkey/input/input0
[    1.476522] imx6ul-tsc 2040000.touchscreen: failed to request GPIO tsc_X- (xnur): -2
[    1.476569] imx6ul-tsc 2040000.touchscreen: probe with driver imx6ul-tsc failed with error -2
[    1.480721] snvs_rtc 20cc000.snvs:snvs-rtc-lp: registered as rtc0
[    1.481276] snvs_rtc 20cc000.snvs:snvs-rtc-lp: setting system clock to 2026-08-27T15:13:25 UTC (1787843605)
[    1.481651] i2c_dev: i2c /dev entries driver
[    1.483964] pxp 21cc000.pxp: PXP reset timeout: -110
[    1.484059] pxp 21cc000.pxp: probe with driver pxp failed with error -110
[    1.488450] Bluetooth: HCI UART driver ver 2.3
[    1.488536] Bluetooth: HCI UART protocol H4 registered
[    1.488542] Bluetooth: HCI UART protocol LL registered
[    1.488542] Bluetooth: HCI UART protocol Broadcom registered
[    1.495668] stmp_reset_block((ptrval)): module reset timeout
[    1.495753] mxs-dcp 2280000.crypto: Failed reset
[    1.495804] mxs-dcp 2280000.crypto: probe with driver mxs-dcp failed with error -110
[    1.496608] usbcore: registered new interface driver usbhid
[    1.496629] usbhid: USB HID core driver
[    1.498652] hw perfevents: enabled with armv7_cortex_a7 PMU driver, 5 (8000000f) counters available
[    1.537802] mmc1: SDHCI controller on 2194000.mmc [2194000.mmc] using ADMA
[    1.553723] mmc1: host does not support reading read-only switch, assuming write-enable
[    1.554311] mmc1: new high speed SD card at address 4896
[    1.556667] mmcblk1: mmc1:4896 QEMU! 256 MiB
[    1.719731] i2c i2c-0: <i2c_imx_read> read timedout
[    2.029874] i2c i2c-0: <i2c_imx_write> write timedout
[    2.030005] wm8960 0-001a: Failed to issue reset
[    2.030742] wm8960 0-001a: probe with driver wm8960 failed with error -110
[    2.044424] NET: Registered PF_INET6 protocol family
[    2.048506] Segment Routing with IPv6
[    2.048636] In-situ OAM (IOAM) with IPv6
[    2.048912] NET: Registered PF_PACKET protocol family
[    2.048938] can: controller area network core
[    2.049118] NET: Registered PF_CAN protocol family
[    2.049145] can: raw protocol
[    2.049227] can: broadcast manager protocol
[    2.049343] can: netlink gateway - max_hops=1
[    2.049378] Key type dns_resolver registered
[    2.057995] Loading compiled-in X.509 certificates
[    2.074687] imx_usb 2184000.usb: No over current polarity defined
[    2.076553] imx_thermal 20c8000.anatop:tempmon: invalid sensor calibration data
[    2.076600] imx_thermal 20c8000.anatop:tempmon: error -EINVAL: failed to init from nvmem
[    2.076613] imx_thermal 20c8000.anatop:tempmon: probe with driver imx_thermal failed with error -22
[    2.078970] imx_usb 2184000.usb: No over current polarity defined
[    2.083150] cfg80211: Loading compiled-in X.509 certificates for regulatory database
[    2.092747] Loaded X.509 cert 'sforshee: 00b28ddf47aef9cea7'
[    2.093882] Loaded X.509 cert 'wens: 61c038651aabdcf94bd0ac7ff06c7248db18c600'
[    2.094037] clk: Disabling unused clocks
[    2.099378] PM: genpd: Disabling unused power domains
[    2.099378] ALSA device list:
[    2.099378]   #0: ASRC-M2M
[    2.220496] EXT4-fs (mmcblk1): recovery complete
[    2.222965] EXT4-fs (mmcblk1): mounted filesystem 38cb4c97-5868-4d15-9c31-762d94739e83 r/w with ordered data mode. Quota mode: none.
[    2.224121] VFS: Mounted root (ext4 filesystem) on device 179:0.
[    2.226741] devtmpfs: mounted
[    2.227814] VFS: Pivoted into new rootfs
[    2.244740] Freeing unused kernel image (initmem) memory: 1024K
[    2.247535] Run /sbin/init as init process
[    2.575852] EXT4-fs (mmcblk1): re-mounted 38cb4c97-5868-4d15-9c31-762d94739e83.
Seeding 256 bits and crediting
Saving 256 bits of creditable seed for next boot
[    2.809688] random: crng init done
Starting syslogd: OK
Starting klogd: OK
Running sysctl: OK
Starting udevd: OK
[    3.181639] udevd[82]: starting version 3.2.14
[    3.291852] udevd[82]: specified group 'input' unknown
[    3.292616] udevd[82]: specified group 'sgx' unknown
[    3.294671] udevd[82]: specified group 'kvm' unknown
[    3.414254] udevd[82]: starting eudev-3.2.14
[    3.437890] udevd[82]: specified group 'input' unknown
[    3.438464] udevd[82]: specified group 'sgx' unknown
[    3.448010] udevd[82]: specified group 'kvm' unknown
Starting network: OK
Starting ifplugd for eth0: OK
Starting crond: OK
Starting dropbear sshd: OK
Starting telnetd: OK

Welcome to Buildroot
buildroot login: [   12.736565] fec 20b4000.ethernet eth0: registered PHC device 0
[   12.805142] fec 2188000.ethernet eth1: registered PHC device 1
[   12.809945] imx_usb 2184000.usb: No over current polarity defined
[   12.829224] ci_hdrc ci_hdrc.0: doesn't support gadget
[   12.829386] ci_hdrc ci_hdrc.0: EHCI Host Controller
[   12.832450] ci_hdrc ci_hdrc.0: new USB bus registered, assigned bus number 1
[   12.851007] ci_hdrc ci_hdrc.0: USB 2.0 started, EHCI 1.00
[   12.868618] usb usb1: New USB device found, idVendor=1d6b, idProduct=0002, bcdDevice= 7.01
[   12.868684] usb usb1: New USB device strings: Mfr=3, Product=2, SerialNumber=1
[   12.868703] usb usb1: Product: EHCI Host Controller
[   12.868719] usb usb1: Manufacturer: Linux 7.1.0-dirty ehci_hcd
[   12.868736] usb usb1: SerialNumber: ci_hdrc.0
[   12.875063] hub 1-0:1.0: USB hub found
[   12.881188] hub 1-0:1.0: 1 port detected
[   12.920201] ci_hdrc ci_hdrc.1: EHCI Host Controller
[   12.920281] ci_hdrc ci_hdrc.1: new USB bus registered, assigned bus number 2
[   12.940029] ci_hdrc ci_hdrc.1: USB 2.0 started, EHCI 1.00
[   12.942134] usb usb2: New USB device found, idVendor=1d6b, idProduct=0002, bcdDevice= 7.01
[   12.942184] usb usb2: New USB device strings: Mfr=3, Product=2, SerialNumber=1
[   12.942195] usb usb2: Product: EHCI Host Controller
[   12.942202] usb usb2: Manufacturer: Linux 7.1.0-dirty ehci_hcd
[   12.942208] usb usb2: SerialNumber: ci_hdrc.1
[   12.943754] hub 2-0:1.0: USB hub found
[   12.943921] hub 2-0:1.0: 1 port detected
[   13.270315] i2c i2c-1: <i2c_imx_write> write timedout
[   13.270490] Goodix-TS 1-005d: Error reading 1 bytes from 0x8140: -110
[   13.610265] i2c i2c-1: <i2c_imx_write> write timedout
[   13.610468] Goodix-TS 1-005d: Error reading 1 bytes from 0x8140: -110
[   13.640218] Goodix-TS 1-005d: I2C communication failure: -110
[   13.641739] Goodix-TS 1-005d: probe with driver Goodix-TS failed with error -110
[   13.644429] sdhci-esdhc-imx 2190000.mmc: Got CD GPIO
[   13.651428] platform sound-wm8960: deferred probe pending: fsl-asoc-card: snd_soc_register_card failed
[   13.694067] mmc0: SDHCI controller on 2190000.mmc [2190000.mmc] using ADMA
root
Password: 
# insmod /root/21_tutorial_icm20608_spi_driver.ko >/dev/null 2>&1; od -An -td4 -
N28 /dev/icm20608 >/dev/null; rmmod 21_tutorial_icm20608_spi_driver; poweroff -f
[   30.763408] 21_tutorial_icm20608_spi_driver: loading out-of-tree module taints kernel.
[imx.spi]imx_spi_read: reg[ECSPI_CONFIGREG] => 0x0
[imx.spi]imx_spi_write: reg[ECSPI_CONREG] <= 0xf1
[imx.spi]imx_spi_update_irq: IRQ level is 0
[imx.spi]imx_spi_update_irq: IRQ level is 0
[imx.spi]imx_spi_read: reg[ECSPI_TESTREG] => 0x0
[imx.spi]imx_spi_write: reg[ECSPI_TESTREG] <= 0x0
[imx.spi]imx_spi_update_irq: IRQ level is 0
[imx.spi]imx_spi_write: reg[ECSPI_CONFIGREG] <= 0x100
[imx.spi]imx_spi_update_irq: IRQ level is 0
[imx.spi]imx_spi_update_irq: IRQ level is 0
[imx.spi]imx_spi_read: reg[ECSPI_CONREG] => 0xf1
[imx.spi]imx_spi_update_irq: IRQ level is 0
[imx.spi]imx_spi_read: reg[ECSPI_CONFIGREG] => 0x100
[imx.spi]imx_spi_write: reg[ECSPI_CONFIGREG] <= 0x100
[imx.spi]imx_spi_update_irq: IRQ level is 0
[imx.spi]imx_spi_write: reg[ECSPI_CONREG] <= 0x7070f1
[imx.spi]imx_spi_update_irq: IRQ level is 0
[imx.spi]imx_spi_write: reg[ECSPI_PERIODREG] <= 0x0
[imx.spi]imx_spi_update_irq: IRQ level is 0
[imx.spi]imx_spi_update_irq: IRQ level is 0
[imx.spi]imx_spi_read: reg[ECSPI_STATREG] => 0x3
[imx.spi]imx_spi_update_irq: IRQ level is 0
[imx.spi]imx_spi_read: reg[ECSPI_CONREG] => 0x7070f1
[imx.spi]imx_spi_write: reg[ECSPI_CONREG] <= 0xf070f1
[imx.spi]imx_spi_update_irq: IRQ level is 0
[imx.spi]imx_spi_write: reg[ECSPI_TXDATA] <= 0x6b80
[imx.spi]imx_spi_update_irq: IRQ level is 0
[imx.spi]imx_spi_update_irq: IRQ level is 0
[imx.spi]imx_spi_read: reg[ECSPI_CONREG] => 0xf070f1
[imx.spi]imx_spi_write: reg[ECSPI_CONREG] <= 0xf070f5
[imx.spi]imx_spi_flush_txfifo: Begin: TX Fifo Size = 1, RX Fifo Size = 0
[imx.spi]imx_spi_flush_txfifo: Burst length = 16
[imx.spi]imx_spi_flush_txfifo: data tx:0x00006b80
[imx.spi]imx_spi_flush_txfifo: writing 0x6b
[imx.spi]imx_spi_flush_txfifo: 0xff read
[imx.spi]imx_spi_flush_txfifo: writing 0x80
[imx.spi]imx_spi_flush_txfifo: 0xff read
[imx.spi]imx_spi_flush_txfifo: data rx:0x0000ffff
[imx.spi]imx_spi_flush_txfifo: End: TX Fifo Size = 0, RX Fifo Size = 1
[imx.spi]imx_spi_update_irq: IRQ level is 0
[imx.spi]imx_spi_update_irq: IRQ level is 0
[imx.spi]imx_spi_read: reg[ECSPI_STATREG] => 0x8b
[imx.spi]imx_spi_update_irq: IRQ level is 0
[imx.spi]imx_spi_read: reg[ECSPI_RXDATA] => 0xffff
[imx.spi]imx_spi_update_irq: IRQ level is 0
[imx.spi]imx_spi_read: reg[ECSPI_CONFIGREG] => 0x100
[imx.spi]imx_spi_write: reg[ECSPI_CONREG] <= 0xf1
[imx.spi]imx_spi_update_irq: IRQ level is 0
[imx.spi]imx_spi_update_irq: IRQ level is 0
[imx.spi]imx_spi_read: reg[ECSPI_TESTREG] => 0x0
[imx.spi]imx_spi_write: reg[ECSPI_TESTREG] <= 0x0
[imx.spi]imx_spi_update_irq: IRQ level is 0
[imx.spi]imx_spi_update_irq: IRQ level is 0
[imx.spi]imx_spi_read: reg[ECSPI_CONREG] => 0xf1
[imx.spi]imx_spi_update_irq: IRQ level is 0
[imx.spi]imx_spi_read: reg[ECSPI_CONFIGREG] => 0x100
[imx.spi]imx_spi_write: reg[ECSPI_CONFIGREG] <= 0x100
[imx.spi]imx_spi_update_irq: IRQ level is 0
[imx.spi]imx_spi_write: reg[ECSPI_CONREG] <= 0x7070f1
[imx.spi]imx_spi_update_irq: IRQ level is 0
[imx.spi]imx_spi_write: reg[ECSPI_PERIODREG] <= 0x0
[imx.spi]imx_spi_update_irq: IRQ level is 0
[imx.spi]imx_spi_update_irq: IRQ level is 0
[imx.spi]imx_spi_read: reg[ECSPI_STATREG] => 0x83
[imx.spi]imx_spi_update_irq: IRQ level is 0
[imx.spi]imx_spi_read: reg[ECSPI_CONREG] => 0x7070f1
[imx.spi]imx_spi_write: reg[ECSPI_CONREG] <= 0xf070f1
[imx.spi]imx_spi_update_irq: IRQ level is 0
[imx.spi]imx_spi_write: reg[ECSPI_TXDATA] <= 0x6b01
[imx.spi]imx_spi_update_irq: IRQ level is 0
[imx.spi]imx_spi_update_irq: IRQ level is 0
[imx.spi]imx_spi_read: reg[ECSPI_CONREG] => 0xf070f1
[imx.spi]imx_spi_write: reg[ECSPI_CONREG] <= 0xf070f5
[imx.spi]imx_spi_flush_txfifo: Begin: TX Fifo Size = 1, RX Fifo Size = 0
[imx.spi]imx_spi_flush_txfifo: Burst length = 16
[imx.spi]imx_spi_flush_txfifo: data tx:0x00006b01
[imx.spi]imx_spi_flush_txfifo: writing 0x6b
[imx.spi]imx_spi_flush_txfifo: 0x00 read
[imx.spi]imx_spi_flush_txfifo: writing 0x01
[imx.spi]imx_spi_flush_txfifo: 0x00 read
[imx.spi]imx_spi_flush_txfifo: data rx:0x00000000
[imx.spi]imx_spi_flush_txfifo: End: TX Fifo Size = 0, RX Fifo Size = 1
[imx.spi]imx_spi_update_irq: IRQ level is 0
[imx.spi]imx_spi_update_irq: IRQ level is 0
[imx.spi]imx_spi_read: reg[ECSPI_STATREG] => 0x8b
[imx.spi]imx_spi_update_irq: IRQ level is 0
[imx.spi]imx_spi_read: reg[ECSPI_RXDATA] => 0x0
[imx.spi]imx_spi_update_irq: IRQ level is 0
[imx.spi]imx_spi_read: reg[ECSPI_CONFIGREG] => 0x100
[imx.spi]imx_spi_write: reg[ECSPI_CONREG] <= 0xf1
[imx.spi]imx_spi_update_irq: IRQ level is 0
[imx.spi]imx_spi_update_irq: IRQ level is 0
[imx.spi]imx_spi_read: reg[ECSPI_TESTREG] => 0x0
[imx.spi]imx_spi_write: reg[ECSPI_TESTREG] <= 0x0
[imx.spi]imx_spi_update_irq: IRQ level is 0
[imx.spi]imx_spi_update_irq: IRQ level is 0
[imx.spi]imx_spi_read: reg[ECSPI_CONREG] => 0xf1
[imx.spi]imx_spi_update_irq: IRQ level is 0
[imx.spi]imx_spi_read: reg[ECSPI_CONFIGREG] => 0x100
[imx.spi]imx_spi_write: reg[ECSPI_CONFIGREG] <= 0x100
[imx.spi]imx_spi_update_irq: IRQ level is 0
[imx.spi]imx_spi_write: reg[ECSPI_CONREG] <= 0x7070f1
[imx.spi]imx_spi_update_irq: IRQ level is 0
[imx.spi]imx_spi_write: reg[ECSPI_PERIODREG] <= 0x0
[imx.spi]imx_spi_update_irq: IRQ level is 0
[imx.spi]imx_spi_update_irq: IRQ level is 0
[imx.spi]imx_spi_read: reg[ECSPI_STATREG] => 0x83
[imx.spi]imx_spi_update_irq: IRQ level is 0
[imx.spi]imx_spi_read: reg[ECSPI_CONREG] => 0x7070f1
[imx.spi]imx_spi_write: reg[ECSPI_CONREG] <= 0xf070f1
[imx.spi]imx_spi_update_irq: IRQ level is 0
[imx.spi]imx_spi_write: reg[ECSPI_TXDATA] <= 0x1900
[imx.spi]imx_spi_update_irq: IRQ level is 0
[imx.spi]imx_spi_update_irq: IRQ level is 0
[imx.spi]imx_spi_read: reg[ECSPI_CONREG] => 0xf070f1
[imx.spi]imx_spi_write: reg[ECSPI_CONREG] <= 0xf070f5
[imx.spi]imx_spi_flush_txfifo: Begin: TX Fifo Size = 1, RX Fifo Size = 0
[imx.spi]imx_spi_flush_txfifo: Burst length = 16
[imx.spi]imx_spi_flush_txfifo: data tx:0x00001900
[imx.spi]imx_spi_flush_txfifo: writing 0x19
[imx.spi]imx_spi_flush_txfifo: 0x00 read
[imx.spi]imx_spi_flush_txfifo: writing 0x00
[imx.spi]imx_spi_flush_txfifo: 0x00 read
[imx.spi]imx_spi_flush_txfifo: data rx:0x00000000
[imx.spi]imx_spi_flush_txfifo: End: TX Fifo Size = 0, RX Fifo Size = 1
[imx.spi]imx_spi_update_irq: IRQ level is 0
[imx.spi]imx_spi_update_irq: IRQ level is 0
[imx.spi]imx_spi_read: reg[ECSPI_STATREG] => 0x8b
[imx.spi]imx_spi_update_irq: IRQ level is 0
[imx.spi]imx_spi_read: reg[ECSPI_RXDATA] => 0x0
[imx.spi]imx_spi_update_irq: IRQ level is 0
[imx.spi]imx_spi_read: reg[ECSPI_CONFIGREG] => 0x100
[imx.spi]imx_spi_write: reg[ECSPI_CONREG] <= 0xf1
[imx.spi]imx_spi_update_irq: IRQ level is 0
[imx.spi]imx_spi_update_irq: IRQ level is 0
[imx.spi]imx_spi_read: reg[ECSPI_TESTREG] => 0x0
[imx.spi]imx_spi_write: reg[ECSPI_TESTREG] <= 0x0
[imx.spi]imx_spi_update_irq: IRQ level is 0
[imx.spi]imx_spi_update_irq: IRQ level is 0
[imx.spi]imx_spi_read: reg[ECSPI_CONREG] => 0xf1
[imx.spi]imx_spi_update_irq: IRQ level is 0
[imx.spi]imx_spi_read: reg[ECSPI_CONFIGREG] => 0x100
[imx.spi]imx_spi_write: reg[ECSPI_CONFIGREG] <= 0x100
[imx.spi]imx_spi_update_irq: IRQ level is 0
[imx.spi]imx_spi_write: reg[ECSPI_CONREG] <= 0x7070f1
[imx.spi]imx_spi_update_irq: IRQ level is 0
[imx.spi]imx_spi_write: reg[ECSPI_PERIODREG] <= 0x0
[imx.spi]imx_spi_update_irq: IRQ level is 0
[imx.spi]imx_spi_update_irq: IRQ level is 0
[imx.spi]imx_spi_read: reg[ECSPI_STATREG] => 0x83
[imx.spi]imx_spi_update_irq: IRQ level is 0
[imx.spi]imx_spi_read: reg[ECSPI_CONREG] => 0x7070f1
[imx.spi]imx_spi_write: reg[ECSPI_CONREG] <= 0xf070f1
[imx.spi]imx_spi_update_irq: IRQ level is 0
[imx.spi]imx_spi_write: reg[ECSPI_TXDATA] <= 0x1b18
[imx.spi]imx_spi_update_irq: IRQ level is 0
[imx.spi]imx_spi_update_irq: IRQ level is 0
[imx.spi]imx_spi_read: reg[ECSPI_CONREG] => 0xf070f1
[imx.spi]imx_spi_write: reg[ECSPI_CONREG] <= 0xf070f5
[imx.spi]imx_spi_flush_txfifo: Begin: TX Fifo Size = 1, RX Fifo Size = 0
[imx.spi]imx_spi_flush_txfifo: Burst length = 16
[imx.spi]imx_spi_flush_txfifo: data tx:0x00001b18
[imx.spi]imx_spi_flush_txfifo: writing 0x1b
[imx.spi]imx_spi_flush_txfifo: 0x00 read
[imx.spi]imx_spi_flush_txfifo: writing 0x18
[imx.spi]imx_spi_flush_txfifo: 0x00 read
[imx.spi]imx_spi_flush_txfifo: data rx:0x00000000
[imx.spi]imx_spi_flush_txfifo: End: TX Fifo Size = 0, RX Fifo Size = 1
[imx.spi]imx_spi_update_irq: IRQ level is 0
[imx.spi]imx_spi_update_irq: IRQ level is 0
[imx.spi]imx_spi_read: reg[ECSPI_STATREG] => 0x8b
[imx.spi]imx_spi_update_irq: IRQ level is 0
[imx.spi]imx_spi_read: reg[ECSPI_RXDATA] => 0x0
[imx.spi]imx_spi_update_irq: IRQ level is 0
[imx.spi]imx_spi_read: reg[ECSPI_CONFIGREG] => 0x100
[imx.spi]imx_spi_write: reg[ECSPI_CONREG] <= 0xf1
[imx.spi]imx_spi_update_irq: IRQ level is 0
[imx.spi]imx_spi_update_irq: IRQ level is 0
[imx.spi]imx_spi_read: reg[ECSPI_TESTREG] => 0x0
[imx.spi]imx_spi_write: reg[ECSPI_TESTREG] <= 0x0
[imx.spi]imx_spi_update_irq: IRQ level is 0
[imx.spi]imx_spi_update_irq: IRQ level is 0
[imx.spi]imx_spi_read: reg[ECSPI_CONREG] => 0xf1
[imx.spi]imx_spi_update_irq: IRQ level is 0
[imx.spi]imx_spi_read: reg[ECSPI_CONFIGREG] => 0x100
[imx.spi]imx_spi_write: reg[ECSPI_CONFIGREG] <= 0x100
[imx.spi]imx_spi_update_irq: IRQ level is 0
[imx.spi]imx_spi_write: reg[ECSPI_CONREG] <= 0x7070f1
[imx.spi]imx_spi_update_irq: IRQ level is 0
[imx.spi]imx_spi_write: reg[ECSPI_PERIODREG] <= 0x0
[imx.spi]imx_spi_update_irq: IRQ level is 0
[imx.spi]imx_spi_update_irq: IRQ level is 0
[imx.spi]imx_spi_read: reg[ECSPI_STATREG] => 0x83
[imx.spi]imx_spi_update_irq: IRQ level is 0
[imx.spi]imx_spi_read: reg[ECSPI_CONREG] => 0x7070f1
[imx.spi]imx_spi_write: reg[ECSPI_CONREG] <= 0xf070f1
[imx.spi]imx_spi_update_irq: IRQ level is 0
[imx.spi]imx_spi_write: reg[ECSPI_TXDATA] <= 0x1c18
[imx.spi]imx_spi_update_irq: IRQ level is 0
[imx.spi]imx_spi_update_irq: IRQ level is 0
[imx.spi]imx_spi_read: reg[ECSPI_CONREG] => 0xf070f1
[imx.spi]imx_spi_write: reg[ECSPI_CONREG] <= 0xf070f5
[imx.spi]imx_spi_flush_txfifo: Begin: TX Fifo Size = 1, RX Fifo Size = 0
[imx.spi]imx_spi_flush_txfifo: Burst length = 16
[imx.spi]imx_spi_flush_txfifo: data tx:0x00001c18
[imx.spi]imx_spi_flush_txfifo: writing 0x1c
[imx.spi]imx_spi_flush_txfifo: 0x00 read
[imx.spi]imx_spi_flush_txfifo: writing 0x18
[imx.spi]imx_spi_flush_txfifo: 0x00 read
[imx.spi]imx_spi_flush_txfifo: data rx:0x00000000
[imx.spi]imx_spi_flush_txfifo: End: TX Fifo Size = 0, RX Fifo Size = 1
[imx.spi]imx_spi_update_irq: IRQ level is 0
[imx.spi]imx_spi_update_irq: IRQ level is 0
[imx.spi]imx_spi_read: reg[ECSPI_STATREG] => 0x8b
[imx.spi]imx_spi_update_irq: IRQ level is 0
[imx.spi]imx_spi_read: reg[ECSPI_RXDATA] => 0x0
[   30.823656] icm20608 spi2.0: icm20608 hardware initialized
[   30.831333] icm20608 spi2.0: icm20608 probe success
[imx.spi]imx_spi_update_irq: IRQ level is 0
[imx.spi]imx_spi_read: reg[ECSPI_CONFIGREG] => 0x100
[imx.spi]imx_spi_write: reg[ECSPI_CONREG] <= 0xf1
[imx.spi]imx_spi_update_irq: IRQ level is 0
[imx.spi]imx_spi_update_irq: IRQ level is 0
[imx.spi]imx_spi_read: reg[ECSPI_TESTREG] => 0x0
[imx.spi]imx_spi_write: reg[ECSPI_TESTREG] <= 0x0
[imx.spi]imx_spi_update_irq: IRQ level is 0
[imx.spi]imx_spi_update_irq: IRQ level is 0
[imx.spi]imx_spi_read: reg[ECSPI_CONREG] => 0xf1
[imx.spi]imx_spi_update_irq: IRQ level is 0
[imx.spi]imx_spi_read: reg[ECSPI_CONFIGREG] => 0x100
[imx.spi]imx_spi_write: reg[ECSPI_CONFIGREG] <= 0x100
[imx.spi]imx_spi_update_irq: IRQ level is 0
[imx.spi]imx_spi_write: reg[ECSPI_CONREG] <= 0x7070f1
[imx.spi]imx_spi_update_irq: IRQ level is 0
[imx.spi]imx_spi_write: reg[ECSPI_PERIODREG] <= 0x0
[imx.spi]imx_spi_update_irq: IRQ level is 0
[imx.spi]imx_spi_update_irq: IRQ level is 0
[imx.spi]imx_spi_read: reg[ECSPI_STATREG] => 0x83
[imx.spi]imx_spi_update_irq: IRQ level is 0
[imx.spi]imx_spi_read: reg[ECSPI_CONREG] => 0x7070f1
[imx.spi]imx_spi_write: reg[ECSPI_CONREG] <= 0x7070f1
[imx.spi]imx_spi_update_irq: IRQ level is 0
[imx.spi]imx_spi_write: reg[ECSPI_TXDATA] <= 0xbb
[imx.spi]imx_spi_update_irq: IRQ level is 0
[imx.spi]imx_spi_update_irq: IRQ level is 0
[imx.spi]imx_spi_read: reg[ECSPI_CONREG] => 0x7070f1
[imx.spi]imx_spi_write: reg[ECSPI_CONREG] <= 0x7070f5
[imx.spi]imx_spi_flush_txfifo: Begin: TX Fifo Size = 1, RX Fifo Size = 0
[imx.spi]imx_spi_flush_txfifo: Burst length = 8
[imx.spi]imx_spi_flush_txfifo: data tx:0x000000bb
[imx.spi]imx_spi_flush_txfifo: writing 0xbb
[imx.spi]imx_spi_flush_txfifo: 0xff read
[imx.spi]imx_spi_flush_txfifo: data rx:0x000000ff
[imx.spi]imx_spi_flush_txfifo: End: TX Fifo Size = 0, RX Fifo Size = 1
[imx.spi]imx_spi_update_irq: IRQ level is 0
[imx.spi]imx_spi_update_irq: IRQ level is 0
[imx.spi]imx_spi_read: reg[ECSPI_STATREG] => 0x8b
[imx.spi]imx_spi_update_irq: IRQ level is 0
[imx.spi]imx_spi_read: reg[ECSPI_RXDATA] => 0xff
[imx.spi]imx_spi_update_irq: IRQ level is 0
[imx.spi]imx_spi_read: reg[ECSPI_CONREG] => 0x7070f1
[imx.spi]imx_spi_update_irq: IRQ level is 0
[imx.spi]imx_spi_read: reg[ECSPI_CONFIGREG] => 0x100
[imx.spi]imx_spi_write: reg[ECSPI_CONFIGREG] <= 0x100
[imx.spi]imx_spi_update_irq: IRQ level is 0
[imx.spi]imx_spi_write: reg[ECSPI_CONREG] <= 0x7070f1
[imx.spi]imx_spi_update_irq: IRQ level is 0
[imx.spi]imx_spi_write: reg[ECSPI_PERIODREG] <= 0x0
[imx.spi]imx_spi_update_irq: IRQ level is 0
[imx.spi]imx_spi_update_irq: IRQ level is 0
[imx.spi]imx_spi_read: reg[ECSPI_STATREG] => 0x83
[imx.spi]imx_spi_update_irq: IRQ level is 0
[imx.spi]imx_spi_read: reg[ECSPI_CONREG] => 0x7070f1
[imx.spi]imx_spi_write: reg[ECSPI_CONREG] <= 0x6f070f1
[imx.spi]imx_spi_update_irq: IRQ level is 0
[imx.spi]imx_spi_write: reg[ECSPI_TXDATA] <= 0x0
[imx.spi]imx_spi_update_irq: IRQ level is 0
[imx.spi]imx_spi_write: reg[ECSPI_TXDATA] <= 0x0
[imx.spi]imx_spi_update_irq: IRQ level is 0
[imx.spi]imx_spi_write: reg[ECSPI_TXDATA] <= 0x0
[imx.spi]imx_spi_update_irq: IRQ level is 0
[imx.spi]imx_spi_write: reg[ECSPI_TXDATA] <= 0x0
[imx.spi]imx_spi_update_irq: IRQ level is 0
[imx.spi]imx_spi_update_irq: IRQ level is 0
[imx.spi]imx_spi_read: reg[ECSPI_CONREG] => 0x6f070f1
[imx.spi]imx_spi_write: reg[ECSPI_CONREG] <= 0x6f070f5
[imx.spi]imx_spi_flush_txfifo: Begin: TX Fifo Size = 4, RX Fifo Size = 0
[imx.spi]imx_spi_flush_txfifo: Burst length = 112
[imx.spi]imx_spi_flush_txfifo: data tx:0x00000000
[imx.spi]imx_spi_flush_txfifo: writing 0x00
[imx.spi]imx_spi_flush_txfifo: 0x00 read
[imx.spi]imx_spi_flush_txfifo: writing 0x00
[imx.spi]imx_spi_flush_txfifo: 0xff read
[imx.spi]imx_spi_flush_txfifo: data rx:0x000000ff
[imx.spi]imx_spi_flush_txfifo: data tx:0x00000000
[imx.spi]imx_spi_flush_txfifo: writing 0x00
[imx.spi]imx_spi_flush_txfifo: 0xff read
[imx.spi]imx_spi_flush_txfifo: writing 0x00
[imx.spi]imx_spi_flush_txfifo: 0x01 read
[imx.spi]imx_spi_flush_txfifo: writing 0x00
[imx.spi]imx_spi_flush_txfifo: 0x08 read
[imx.spi]imx_spi_flush_txfifo: writing 0x00
[imx.spi]imx_spi_flush_txfifo: 0x23 read
[imx.spi]imx_spi_flush_txfifo: data rx:0xff010823
[imx.spi]imx_spi_flush_txfifo: data tx:0x00000000
[imx.spi]imx_spi_flush_txfifo: writing 0x00
[imx.spi]imx_spi_flush_txfifo: 0x00 read
[imx.spi]imx_spi_flush_txfifo: writing 0x00
[imx.spi]imx_spi_flush_txfifo: 0xff read
[imx.spi]imx_spi_flush_txfifo: writing 0x00
[imx.spi]imx_spi_flush_txfifo: 0xff read
[imx.spi]imx_spi_flush_txfifo: writing 0x00
[imx.spi]imx_spi_flush_txfifo: 0x01 read
[imx.spi]imx_spi_flush_txfifo: data rx:0x00ffff01
[imx.spi]imx_spi_flush_txfifo: data tx:0x00000000
[imx.spi]imx_spi_flush_txfifo: writing 0x00
[imx.spi]imx_spi_flush_txfifo: 0xff read
[imx.spi]imx_spi_flush_txfifo: writing 0x00
[imx.spi]imx_spi_flush_txfifo: 0x01 read
[imx.spi]imx_spi_flush_txfifo: writing 0x00
[imx.spi]imx_spi_flush_txfifo: 0x00 read
[imx.spi]imx_spi_flush_txfifo: writing 0x00
[imx.spi]imx_spi_flush_txfifo: 0x01 read
[imx.spi]imx_spi_flush_txfifo: data rx:0xff010001
[imx.spi]imx_spi_flush_txfifo: End: TX Fifo Size = 0, RX Fifo Size = 4
[imx.spi]imx_spi_update_irq: IRQ level is 0
[imx.spi]imx_spi_update_irq: IRQ level is 0
[imx.spi]imx_spi_read: reg[ECSPI_STATREG] => 0x8b
[imx.spi]imx_spi_update_irq: IRQ level is 0
[imx.spi]imx_spi_read: reg[ECSPI_RXDATA] => 0xff
[imx.spi]imx_spi_update_irq: IRQ level is 0
[imx.spi]imx_spi_read: reg[ECSPI_STATREG] => 0x8b
[imx.spi]imx_spi_update_irq: IRQ level is 0
[imx.spi]imx_spi_read: reg[ECSPI_RXDATA] => 0xff010823
[imx.spi]imx_spi_update_irq: IRQ level is 0
[imx.spi]imx_spi_read: reg[ECSPI_STATREG] => 0x8b
[imx.spi]imx_spi_update_irq: IRQ level is 0
[imx.spi]imx_spi_read: reg[ECSPI_RXDATA] => 0xffff01
[imx.spi]imx_spi_update_irq: IRQ level is 0
[imx.spi]imx_spi_read: reg[ECSPI_STATREG] => 0x8b
[imx.spi]imx_spi_update_irq: IRQ level is 0
[imx.spi]imx_spi_read: reg[ECSPI_RXDATA] => 0xff010001
[imx.spi]imx_spi_update_irq: IRQ level is 0
[imx.spi]imx_spi_read: reg[ECSPI_CONFIGREG] => 0x100
[imx.spi]imx_spi_write: reg[ECSPI_CONREG] <= 0xf1
[imx.spi]imx_spi_update_irq: IRQ level is 0
[imx.spi]imx_spi_update_irq: IRQ level is 0
[imx.spi]imx_spi_read: reg[ECSPI_TESTREG] => 0x0
[imx.spi]imx_spi_write: reg[ECSPI_TESTREG] <= 0x0
[imx.spi]imx_spi_update_irq: IRQ level is 0
[imx.spi]imx_spi_update_irq: IRQ level is 0
[imx.spi]imx_spi_read: reg[ECSPI_CONREG] => 0xf1
[imx.spi]imx_spi_update_irq: IRQ level is 0
[imx.spi]imx_spi_read: reg[ECSPI_CONFIGREG] => 0x100
[imx.spi]imx_spi_write: reg[ECSPI_CONFIGREG] <= 0x100
[imx.spi]imx_spi_update_irq: IRQ level is 0
[imx.spi]imx_spi_write: reg[ECSPI_CONREG] <= 0x7070f1
[imx.spi]imx_spi_update_irq: IRQ level is 0
[imx.spi]imx_spi_write: reg[ECSPI_PERIODREG] <= 0x0
[imx.spi]imx_spi_update_irq: IRQ level is 0
[imx.spi]imx_spi_update_irq: IRQ level is 0
[imx.spi]imx_spi_read: reg[ECSPI_STATREG] => 0x83
[imx.spi]imx_spi_update_irq: IRQ level is 0
[imx.spi]imx_spi_read: reg[ECSPI_CONREG] => 0x7070f1
[imx.spi]imx_spi_write: reg[ECSPI_CONREG] <= 0x7070f1
[imx.spi]imx_spi_update_irq: IRQ level is 0
[imx.spi]imx_spi_write: reg[ECSPI_TXDATA] <= 0xbb
[imx.spi]imx_spi_update_irq: IRQ level is 0
[imx.spi]imx_spi_update_irq: IRQ level is 0
[imx.spi]imx_spi_read: reg[ECSPI_CONREG] => 0x7070f1
[imx.spi]imx_spi_write: reg[ECSPI_CONREG] <= 0x7070f5
[imx.spi]imx_spi_flush_txfifo: Begin: TX Fifo Size = 1, RX Fifo Size = 0
[imx.spi]imx_spi_flush_txfifo: Burst length = 8
[imx.spi]imx_spi_flush_txfifo: data tx:0x000000bb
[imx.spi]imx_spi_flush_txfifo: writing 0xbb
[imx.spi]imx_spi_flush_txfifo: 0xff read
[imx.spi]imx_spi_flush_txfifo: data rx:0x000000ff
[imx.spi]imx_spi_flush_txfifo: End: TX Fifo Size = 0, RX Fifo Size = 1
[imx.spi]imx_spi_update_irq: IRQ level is 0
[imx.spi]imx_spi_update_irq: IRQ level is 0
[imx.spi]imx_spi_read: reg[ECSPI_STATREG] => 0x8b
[imx.spi]imx_spi_update_irq: IRQ level is 0
[imx.spi]imx_spi_read: reg[ECSPI_RXDATA] => 0xff
[imx.spi]imx_spi_update_irq: IRQ level is 0
[imx.spi]imx_spi_read: reg[ECSPI_CONREG] => 0x7070f1
[imx.spi]imx_spi_update_irq: IRQ level is 0
[imx.spi]imx_spi_read: reg[ECSPI_CONFIGREG] => 0x100
[imx.spi]imx_spi_write: reg[ECSPI_CONFIGREG] <= 0x100
[imx.spi]imx_spi_update_irq: IRQ level is 0
[imx.spi]imx_spi_write: reg[ECSPI_CONREG] <= 0x7070f1
[imx.spi]imx_spi_update_irq: IRQ level is 0
[imx.spi]imx_spi_write: reg[ECSPI_PERIODREG] <= 0x0
[imx.spi]imx_spi_update_irq: IRQ level is 0
[imx.spi]imx_spi_update_irq: IRQ level is 0
[imx.spi]imx_spi_read: reg[ECSPI_STATREG] => 0x83
[imx.spi]imx_spi_update_irq: IRQ level is 0
[imx.spi]imx_spi_read: reg[ECSPI_CONREG] => 0x7070f1
[imx.spi]imx_spi_write: reg[ECSPI_CONREG] <= 0x6f070f1
[imx.spi]imx_spi_update_irq: IRQ level is 0
[imx.spi]imx_spi_write: reg[ECSPI_TXDATA] <= 0x0
[imx.spi]imx_spi_update_irq: IRQ level is 0
[imx.spi]imx_spi_write: reg[ECSPI_TXDATA] <= 0x0
[imx.spi]imx_spi_update_irq: IRQ level is 0
[imx.spi]imx_spi_write: reg[ECSPI_TXDATA] <= 0x0
[imx.spi]imx_spi_update_irq: IRQ level is 0
[imx.spi]imx_spi_write: reg[ECSPI_TXDATA] <= 0x0
[imx.spi]imx_spi_update_irq: IRQ level is 0
[imx.spi]imx_spi_update_irq: IRQ level is 0
[imx.spi]imx_spi_read: reg[ECSPI_CONREG] => 0x6f070f1
[imx.spi]imx_spi_write: reg[ECSPI_CONREG] <= 0x6f070f5
[imx.spi]imx_spi_flush_txfifo: Begin: TX Fifo Size = 4, RX Fifo Size = 0
[imx.spi]imx_spi_flush_txfifo: Burst length = 112
[imx.spi]imx_spi_flush_txfifo: data tx:0x00000000
[imx.spi]imx_spi_flush_txfifo: writing 0x00
[imx.spi]imx_spi_flush_txfifo: 0xff read
[imx.spi]imx_spi_flush_txfifo: writing 0x00
[imx.spi]imx_spi_flush_txfifo: 0x00 read
[imx.spi]imx_spi_flush_txfifo: data rx:0x0000ff00
[imx.spi]imx_spi_flush_txfifo: data tx:0x00000000
[imx.spi]imx_spi_flush_txfifo: writing 0x00
[imx.spi]imx_spi_flush_txfifo: 0x00 read
[imx.spi]imx_spi_flush_txfifo: writing 0x00
[imx.spi]imx_spi_flush_txfifo: 0x01 read
[imx.spi]imx_spi_flush_txfifo: writing 0x00
[imx.spi]imx_spi_flush_txfifo: 0x07 read
[imx.spi]imx_spi_flush_txfifo: writing 0x00
[imx.spi]imx_spi_flush_txfifo: 0xfc read
[imx.spi]imx_spi_flush_txfifo: data rx:0x000107fc
[imx.spi]imx_spi_flush_txfifo: data tx:0x00000000
[imx.spi]imx_spi_flush_txfifo: writing 0x00
[imx.spi]imx_spi_flush_txfifo: 0x01 read
[imx.spi]imx_spi_flush_txfifo: writing 0x00
[imx.spi]imx_spi_flush_txfifo: 0x00 read
[imx.spi]imx_spi_flush_txfifo: writing 0x00
[imx.spi]imx_spi_flush_txfifo: 0x00 read
[imx.spi]imx_spi_flush_txfifo: writing 0x00
[imx.spi]imx_spi_flush_txfifo: 0xff read
[imx.spi]imx_spi_flush_txfifo: data rx:0x010000ff
[imx.spi]imx_spi_flush_txfifo: data tx:0x00000000
[imx.spi]imx_spi_flush_txfifo: writing 0x00
[imx.spi]imx_spi_flush_txfifo: 0x00 read
[imx.spi]imx_spi_flush_txfifo: writing 0x00
[imx.spi]imx_spi_flush_txfifo: 0x00 read
[imx.spi]imx_spi_flush_txfifo: writing 0x00
[imx.spi]imx_spi_flush_txfifo: 0x00 read
[imx.spi]imx_spi_flush_txfifo: writing 0x00
[imx.spi]imx_spi_flush_txfifo: 0xff read
[imx.spi]imx_spi_flush_txfifo: data rx:0x000000ff
[imx.spi]imx_spi_flush_txfifo: End: TX Fifo Size = 0, RX Fifo Size = 4
[imx.spi]imx_spi_update_irq: IRQ level is 0
[imx.spi]imx_spi_update_irq: IRQ level is 0
[imx.spi]imx_spi_read: reg[ECSPI_STATREG] => 0x8b
[imx.spi]imx_spi_update_irq: IRQ level is 0
[imx.spi]imx_spi_read: reg[ECSPI_RXDATA] => 0xff00
[imx.spi]imx_spi_update_irq: IRQ level is 0
[imx.spi]imx_spi_read: reg[ECSPI_STATREG] => 0x8b
[imx.spi]imx_spi_update_irq: IRQ level is 0
[imx.spi]imx_spi_read: reg[ECSPI_RXDATA] => 0x107fc
[imx.spi]imx_spi_update_irq: IRQ level is 0
[imx.spi]imx_spi_read: reg[ECSPI_STATREG] => 0x8b
[imx.spi]imx_spi_update_irq: IRQ level is 0
[imx.spi]imx_spi_read: reg[ECSPI_RXDATA] => 0x10000ff
[imx.spi]imx_spi_update_irq: IRQ level is 0
[imx.spi]imx_spi_read: reg[ECSPI_STATREG] => 0x8b
[imx.spi]imx_spi_update_irq: IRQ level is 0
[imx.spi]imx_spi_read: reg[ECSPI_RXDATA] => 0xff
[   30.904385] icm20608 spi2.0: icm20608 hardware deinitialized
[   30.904437] icm20608 spi2.0: icm20608 removed
[   30.969379] ci_hdrc ci_hdrc.1: remove, state 4
[   30.969834] usb usb2: USB disconnect, device number 1
[   30.977869] ci_hdrc ci_hdrc.1: USB bus 2 deregistered
[   30.987030] ci_hdrc ci_hdrc.0: remove, state 4
[   30.987098] usb usb1: USB disconnect, device number 1
[   30.992954] ci_hdrc ci_hdrc.0: USB bus 1 deregistered
[   31.016501] reboot: Power down
